Apache Maven 3.9.6 (bc0240f3c744dd6b6ec2920b3cd08dcc295161ae)
Maven home: /opt/maven
Java version: 25.0.2, vendor: Eclipse Adoptium, runtime: /Library/Java/JavaVirtualMachines/temurin-25.jdk/Contents/Home
Default locale: en_IN, platform encoding: UTF-8
OS name: "mac os x", version: "12.7.6", arch: "x86_64", family: "mac"
[DEBUG] Created new class realm maven.api
[DEBUG] Importing foreign packages into class realm maven.api
[DEBUG]   Imported: javax.annotation.* < plexus.core
[DEBUG]   Imported: javax.annotation.security.* < plexus.core
[DEBUG]   Imported: javax.inject.* < plexus.core
[DEBUG]   Imported: org.apache.maven.* < plexus.core
[DEBUG]   Imported: org.apache.maven.artifact < plexus.core
[DEBUG]   Imported: org.apache.maven.classrealm < plexus.core
[DEBUG]   Imported: org.apache.maven.cli < plexus.core
[DEBUG]   Imported: org.apache.maven.configuration < plexus.core
[DEBUG]   Imported: org.apache.maven.exception < plexus.core
[DEBUG]   Imported: org.apache.maven.execution < plexus.core
[DEBUG]   Imported: org.apache.maven.execution.scope < plexus.core
[DEBUG]   Imported: org.apache.maven.graph < plexus.core
[DEBUG]   Imported: org.apache.maven.lifecycle < plexus.core
[DEBUG]   Imported: org.apache.maven.model < plexus.core
[DEBUG]   Imported: org.apache.maven.monitor < plexus.core
[DEBUG]   Imported: org.apache.maven.plugin < plexus.core
[DEBUG]   Imported: org.apache.maven.profiles < plexus.core
[DEBUG]   Imported: org.apache.maven.project < plexus.core
[DEBUG]   Imported: org.apache.maven.reporting < plexus.core
[DEBUG]   Imported: org.apache.maven.repository < plexus.core
[DEBUG]   Imported: org.apache.maven.rtinfo < plexus.core
[DEBUG]   Imported: org.apache.maven.settings < plexus.core
[DEBUG]   Imported: org.apache.maven.toolchain < plexus.core
[DEBUG]   Imported: org.apache.maven.usability < plexus.core
[DEBUG]   Imported: org.apache.maven.wagon.* < plexus.core
[DEBUG]   Imported: org.apache.maven.wagon.authentication < plexus.core
[DEBUG]   Imported: org.apache.maven.wagon.authorization < plexus.core
[DEBUG]   Imported: org.apache.maven.wagon.events < plexus.core
[DEBUG]   Imported: org.apache.maven.wagon.observers < plexus.core
[DEBUG]   Imported: org.apache.maven.wagon.proxy < plexus.core
[DEBUG]   Imported: org.apache.maven.wagon.repository < plexus.core
[DEBUG]   Imported: org.apache.maven.wagon.resource < plexus.core
[DEBUG]   Imported: org.codehaus.classworlds < plexus.core
[DEBUG]   Imported: org.codehaus.plexus.* < plexus.core
[DEBUG]   Imported: org.codehaus.plexus.classworlds < plexus.core
[DEBUG]   Imported: org.codehaus.plexus.component < plexus.core
[DEBUG]   Imported: org.codehaus.plexus.configuration < plexus.core
[DEBUG]   Imported: org.codehaus.plexus.container < plexus.core
[DEBUG]   Imported: org.codehaus.plexus.context < plexus.core
[DEBUG]   Imported: org.codehaus.plexus.lifecycle < plexus.core
[DEBUG]   Imported: org.codehaus.plexus.logging < plexus.core
[DEBUG]   Imported: org.codehaus.plexus.personality < plexus.core
[DEBUG]   Imported: org.codehaus.plexus.util.xml.Xpp3Dom < plexus.core
[DEBUG]   Imported: org.codehaus.plexus.util.xml.pull.XmlPullParser < plexus.core
[DEBUG]   Imported: org.codehaus.plexus.util.xml.pull.XmlPullParserException < plexus.core
[DEBUG]   Imported: org.codehaus.plexus.util.xml.pull.XmlSerializer < plexus.core
[DEBUG]   Imported: org.eclipse.aether.* < plexus.core
[DEBUG]   Imported: org.eclipse.aether.artifact < plexus.core
[DEBUG]   Imported: org.eclipse.aether.collection < plexus.core
[DEBUG]   Imported: org.eclipse.aether.deployment < plexus.core
[DEBUG]   Imported: org.eclipse.aether.graph < plexus.core
[DEBUG]   Imported: org.eclipse.aether.impl < plexus.core
[DEBUG]   Imported: org.eclipse.aether.installation < plexus.core
[DEBUG]   Imported: org.eclipse.aether.internal.impl < plexus.core
[DEBUG]   Imported: org.eclipse.aether.metadata < plexus.core
[DEBUG]   Imported: org.eclipse.aether.repository < plexus.core
[DEBUG]   Imported: org.eclipse.aether.resolution < plexus.core
[DEBUG]   Imported: org.eclipse.aether.spi < plexus.core
[DEBUG]   Imported: org.eclipse.aether.transfer < plexus.core
[DEBUG]   Imported: org.eclipse.aether.util < plexus.core
[DEBUG]   Imported: org.eclipse.aether.version < plexus.core
[DEBUG]   Imported: org.fusesource.jansi.* < plexus.core
[DEBUG]   Imported: org.slf4j.* < plexus.core
[DEBUG]   Imported: org.slf4j.event.* < plexus.core
[DEBUG]   Imported: org.slf4j.helpers.* < plexus.core
[DEBUG]   Imported: org.slf4j.spi.* < plexus.core
[DEBUG] Populating class realm maven.api
[DEBUG] Created adapter factory; available factories [file-lock, rwlock-local, semaphore-local, noop]; available name mappers [discriminating, file-gav, file-hgav, file-static, gav, static]
[INFO] Error stacktraces are turned on.
[DEBUG] Message scheme: color
[DEBUG] Message styles: debug info warning error success failure strong mojo project
[DEBUG] Reading global settings from /opt/maven/conf/settings.xml
[DEBUG] Reading user settings from /Users/mannan/.m2/settings.xml
[DEBUG] Reading global toolchains from /opt/maven/conf/toolchains.xml
[DEBUG] Reading user toolchains from /Users/mannan/.m2/toolchains.xml
[DEBUG] Using local repository at /Users/mannan/.m2/repository
[DEBUG] Using manager EnhancedLocalRepositoryManager with priority 10.0 for /Users/mannan/.m2/repository
[INFO] Scanning for projects...
[DEBUG] Creating adapter using nameMapper 'gav' and factory 'rwlock-local'
[DEBUG] Extension realms for project com.example:java-kafka-parent:pom:1.0.0: (none)
[DEBUG] Looking up lifecycle mappings for packaging pom from ClassRealm[plexus.core, parent: null]
[DEBUG] Extension realms for project org.springframework.boot:spring-boot-starter-parent:pom:3.2.4: (none)
[DEBUG] Looking up lifecycle mappings for packaging pom from ClassRealm[plexus.core, parent: null]
[DEBUG] Extension realms for project org.springframework.boot:spring-boot-dependencies:pom:3.2.4: (none)
[DEBUG] Looking up lifecycle mappings for packaging pom from ClassRealm[plexus.core, parent: null]
[DEBUG] Extension realms for project com.example:common-models:jar:1.0.0: (none)
[DEBUG] Looking up lifecycle mappings for packaging jar from ClassRealm[plexus.core, parent: null]
[DEBUG] Extension realms for project com.example:file-processor-service:jar:1.0.0: (none)
[DEBUG] Looking up lifecycle mappings for packaging jar from ClassRealm[plexus.core, parent: null]
[DEBUG] Extension realms for project com.example:kafka-publisher-service:jar:1.0.0: (none)
[DEBUG] Looking up lifecycle mappings for packaging jar from ClassRealm[plexus.core, parent: null]
[DEBUG] Extension realms for project com.example:kafka-consumer-service:jar:1.0.0: (none)
[DEBUG] Looking up lifecycle mappings for packaging jar from ClassRealm[plexus.core, parent: null]
[INFO] ------------------------------------------------------------------------
[INFO] Reactor Build Order:
[INFO] 
[INFO] Java Kafka Multi-Module Application                                [pom]
[INFO] Common Models                                                      [jar]
[INFO] File Processor Service                                             [jar]
[INFO] Kafka Publisher Service                                            [jar]
[INFO] Kafka Consumer Service                                             [jar]
[DEBUG] === REACTOR BUILD PLAN ================================================
[DEBUG] Project: com.example:java-kafka-parent:pom:1.0.0
[DEBUG] Tasks:   [clean, install]
[DEBUG] Style:   Regular
[DEBUG] -----------------------------------------------------------------------
[DEBUG] Project: com.example:common-models:jar:1.0.0
[DEBUG] Tasks:   [clean, install]
[DEBUG] Style:   Regular
[DEBUG] -----------------------------------------------------------------------
[DEBUG] Project: com.example:file-processor-service:jar:1.0.0
[DEBUG] Tasks:   [clean, install]
[DEBUG] Style:   Regular
[DEBUG] -----------------------------------------------------------------------
[DEBUG] Project: com.example:kafka-publisher-service:jar:1.0.0
[DEBUG] Tasks:   [clean, install]
[DEBUG] Style:   Regular
[DEBUG] -----------------------------------------------------------------------
[DEBUG] Project: com.example:kafka-consumer-service:jar:1.0.0
[DEBUG] Tasks:   [clean, install]
[DEBUG] Style:   Regular
[DEBUG] =======================================================================
[INFO] 
[INFO] -------------------< com.example:java-kafka-parent >--------------------
[INFO] Building Java Kafka Multi-Module Application 1.0.0                 [1/5]
[INFO]   from pom.xml
[INFO] --------------------------------[ pom ]---------------------------------
[DEBUG] Lifecycle clean -> [pre-clean, clean, post-clean]
[DEBUG] Lifecycle default -> [validate, initialize, generate-sources, process-sources, generate-resources, process-resources, compile, process-classes, generate-test-sources, process-test-sources, generate-test-resources, process-test-resources, test-compile, process-test-classes, test, prepare-package, package, pre-integration-test, integration-test, post-integration-test, verify, install, deploy]
[DEBUG] Lifecycle site -> [pre-site, site, post-site, site-deploy]
[DEBUG] Lifecycle clean -> [pre-clean, clean, post-clean]
[DEBUG] Lifecycle default -> [validate, initialize, generate-sources, process-sources, generate-resources, process-resources, compile, process-classes, generate-test-sources, process-test-sources, generate-test-resources, process-test-resources, test-compile, process-test-classes, test, prepare-package, package, pre-integration-test, integration-test, post-integration-test, verify, install, deploy]
[DEBUG] Lifecycle site -> [pre-site, site, post-site, site-deploy]
[DEBUG] Lifecycle clean -> [pre-clean, clean, post-clean]
[DEBUG] Lifecycle default -> [validate, initialize, generate-sources, process-sources, generate-resources, process-resources, compile, process-classes, generate-test-sources, process-test-sources, generate-test-resources, process-test-resources, test-compile, process-test-classes, test, prepare-package, package, pre-integration-test, integration-test, post-integration-test, verify, install, deploy]
[DEBUG] Lifecycle site -> [pre-site, site, post-site, site-deploy]
[DEBUG] Lifecycle clean -> [pre-clean, clean, post-clean]
[DEBUG] Lifecycle default -> [validate, initialize, generate-sources, process-sources, generate-resources, process-resources, compile, process-classes, generate-test-sources, process-test-sources, generate-test-resources, process-test-resources, test-compile, process-test-classes, test, prepare-package, package, pre-integration-test, integration-test, post-integration-test, verify, install, deploy]
[DEBUG] Lifecycle site -> [pre-site, site, post-site, site-deploy]
[DEBUG] Lifecycle clean -> [pre-clean, clean, post-clean]
[DEBUG] Lifecycle default -> [validate, initialize, generate-sources, process-sources, generate-resources, process-resources, compile, process-classes, generate-test-sources, process-test-sources, generate-test-resources, process-test-resources, test-compile, process-test-classes, test, prepare-package, package, pre-integration-test, integration-test, post-integration-test, verify, install, deploy]
[DEBUG] Lifecycle site -> [pre-site, site, post-site, site-deploy]
[DEBUG] === PROJECT BUILD PLAN ================================================
[DEBUG] Project:       com.example:java-kafka-parent:1.0.0
[DEBUG] Dependencies (collect): [compile+runtime]
[DEBUG] Dependencies (resolve): [compile+runtime]
[DEBUG] Repositories (dependencies): [central (https://repo.maven.apache.org/maven2, default, releases)]
[DEBUG] Repositories (plugins)     : [central (https://repo.maven.apache.org/maven2, default, releases)]
[DEBUG] -----------------------------------------------------------------------
[DEBUG] Goal:          org.apache.maven.plugins:maven-clean-plugin:3.3.2:clean (default-clean)
[DEBUG] Style:         Regular
[DEBUG] Configuration: <?xml version="1.0" encoding="UTF-8"?>
<configuration>
  <directory default-value="${project.build.directory}"/>
  <excludeDefaultDirectories default-value="false">${maven.clean.excludeDefaultDirectories}</excludeDefaultDirectories>
  <failOnError default-value="true">${maven.clean.failOnError}</failOnError>
  <fast default-value="false">${maven.clean.fast}</fast>
  <fastDir>${maven.clean.fastDir}</fastDir>
  <fastMode default-value="background">${maven.clean.fastMode}</fastMode>
  <followSymLinks default-value="false">${maven.clean.followSymLinks}</followSymLinks>
  <outputDirectory default-value="${project.build.outputDirectory}"/>
  <reportDirectory default-value="${project.build.outputDirectory}"/>
  <retryOnError default-value="true">${maven.clean.retryOnError}</retryOnError>
  <session default-value="${session}"/>
  <skip default-value="false">${maven.clean.skip}</skip>
  <testOutputDirectory default-value="${project.build.testOutputDirectory}"/>
  <verbose>${maven.clean.verbose}</verbose>
</configuration>
[DEBUG] -----------------------------------------------------------------------
[DEBUG] Goal:          org.springframework.boot:spring-boot-maven-plugin:3.2.4:repackage (repackage)
[DEBUG] Style:         Regular
[DEBUG] Configuration: <?xml version="1.0" encoding="UTF-8"?>
<configuration>
  <attach default-value="true"/>
  <excludeDevtools default-value="true">${spring-boot.repackage.excludeDevtools}</excludeDevtools>
  <excludeDockerCompose default-value="true">${spring-boot.repackage.excludeDockerCompose}</excludeDockerCompose>
  <excludeGroupIds default-value="">${spring-boot.excludeGroupIds}</excludeGroupIds>
  <excludes>
    <exclude>
      <groupId>org.projectlombok</groupId>
      <artifactId>lombok</artifactId>
    </exclude>${spring-boot.excludes}</excludes>
  <executable default-value="false"/>
  <finalName default-value="${project.build.finalName}"/>
  <includeSystemScope default-value="false"/>
  <includes>${spring-boot.includes}</includes>
  <layout>${spring-boot.repackage.layout}</layout>
  <mainClass>${start-class}</mainClass>
  <outputDirectory default-value="${project.build.directory}"/>
  <outputTimestamp default-value="${project.build.outputTimestamp}"/>
  <project default-value="${project}"/>
  <session default-value="${session}"/>
  <skip default-value="false">${spring-boot.repackage.skip}</skip>
</configuration>
[DEBUG] -----------------------------------------------------------------------
[DEBUG] Goal:          org.apache.maven.plugins:maven-install-plugin:3.1.1:install (default-install)
[DEBUG] Style:         Regular
[DEBUG] Configuration: <?xml version="1.0" encoding="UTF-8"?>
<configuration>
  <allowIncompleteProjects default-value="false">${allowIncompleteProjects}</allowIncompleteProjects>
  <installAtEnd default-value="false">${installAtEnd}</installAtEnd>
  <pluginDescriptor default-value="${plugin}"/>
  <project default-value="${project}"/>
  <reactorProjects default-value="${reactorProjects}"/>
  <session default-value="${session}"/>
  <skip default-value="false">${maven.install.skip}</skip>
</configuration>
[DEBUG] =======================================================================
[DEBUG] Dependency collection stats {ConflictMarker.analyzeTime=145434, ConflictMarker.markTime=543595, ConflictMarker.nodeCount=1, ConflictIdSorter.graphTime=110254, ConflictIdSorter.topsortTime=1100176, ConflictIdSorter.conflictIdCount=0, ConflictIdSorter.conflictIdCycleCount=0, ConflictResolver.totalTime=2296876, ConflictResolver.conflictItemCount=0, DfDependencyCollector.collectTime=270126, DfDependencyCollector.transformTime=9718024}
[DEBUG] com.example:java-kafka-parent:pom:1.0.0
[INFO] 
[INFO] --- clean:3.3.2:clean (default-clean) @ java-kafka-parent ---
[DEBUG] Dependency collection stats {ConflictMarker.analyzeTime=1311739, ConflictMarker.markTime=89061, ConflictMarker.nodeCount=2, ConflictIdSorter.graphTime=108950, ConflictIdSorter.topsortTime=32012, ConflictIdSorter.conflictIdCount=2, ConflictIdSorter.conflictIdCycleCount=0, ConflictResolver.totalTime=2728942, ConflictResolver.conflictItemCount=2, DfDependencyCollector.collectTime=51082143, DfDependencyCollector.transformTime=4307272}
[DEBUG] org.apache.maven.plugins:maven-clean-plugin:jar:3.3.2
[DEBUG]    org.codehaus.plexus:plexus-utils:jar:4.0.0:compile
[DEBUG] Created new class realm plugin>org.apache.maven.plugins:maven-clean-plugin:3.3.2
[DEBUG] Importing foreign packages into class realm plugin>org.apache.maven.plugins:maven-clean-plugin:3.3.2
[DEBUG]   Imported:  < maven.api
[DEBUG] Populating class realm plugin>org.apache.maven.plugins:maven-clean-plugin:3.3.2
[DEBUG]   Included: org.apache.maven.plugins:maven-clean-plugin:jar:3.3.2
[DEBUG]   Included: org.codehaus.plexus:plexus-utils:jar:4.0.0
[DEBUG] Loading mojo org.apache.maven.plugins:maven-clean-plugin:3.3.2:clean from plugin realm ClassRealm[plugin>org.apache.maven.plugins:maven-clean-plugin:3.3.2, parent: jdk.internal.loader.ClassLoaders$AppClassLoader@6d5380c2]
[DEBUG] Configuring mojo execution 'org.apache.maven.plugins:maven-clean-plugin:3.3.2:clean:default-clean' with basic configurator -->
[DEBUG]   (f) directory = /Users/mannan/Desktop/SpringBoot/Java-Kafka/target
[DEBUG]   (f) excludeDefaultDirectories = false
[DEBUG]   (f) failOnError = true
[DEBUG]   (f) fast = false
[DEBUG]   (f) fastMode = background
[DEBUG]   (f) followSymLinks = false
[DEBUG]   (f) outputDirectory = /Users/mannan/Desktop/SpringBoot/Java-Kafka/target/classes
[DEBUG]   (f) reportDirectory = /Users/mannan/Desktop/SpringBoot/Java-Kafka/target/classes
[DEBUG]   (f) retryOnError = true
[DEBUG]   (f) session = org.apache.maven.execution.MavenSession@54e3658c
[DEBUG]   (f) skip = false
[DEBUG]   (f) testOutputDirectory = /Users/mannan/Desktop/SpringBoot/Java-Kafka/target/test-classes
[DEBUG] -- end configuration --
[DEBUG] Skipping non-existing directory /Users/mannan/Desktop/SpringBoot/Java-Kafka/target
[DEBUG] Skipping non-existing directory /Users/mannan/Desktop/SpringBoot/Java-Kafka/target/classes
[DEBUG] Skipping non-existing directory /Users/mannan/Desktop/SpringBoot/Java-Kafka/target/test-classes
[DEBUG] Skipping non-existing directory /Users/mannan/Desktop/SpringBoot/Java-Kafka/target/classes
[INFO] 
[INFO] --- spring-boot:3.2.4:repackage (repackage) @ java-kafka-parent ---
[DEBUG] Dependency collection stats {ConflictMarker.analyzeTime=217405, ConflictMarker.markTime=125389, ConflictMarker.nodeCount=57, ConflictIdSorter.graphTime=90369, ConflictIdSorter.topsortTime=43225, ConflictIdSorter.conflictIdCount=39, ConflictIdSorter.conflictIdCycleCount=0, ConflictResolver.totalTime=3099011, ConflictResolver.conflictItemCount=56, DfDependencyCollector.collectTime=405926311, DfDependencyCollector.transformTime=3610302}
[DEBUG] org.springframework.boot:spring-boot-maven-plugin:jar:3.2.4
[DEBUG]    org.springframework.boot:spring-boot-buildpack-platform:jar:3.2.4:runtime
[DEBUG]       com.fasterxml.jackson.core:jackson-databind:jar:2.14.2:runtime
[DEBUG]          com.fasterxml.jackson.core:jackson-annotations:jar:2.14.2:runtime
[DEBUG]          com.fasterxml.jackson.core:jackson-core:jar:2.14.2:runtime
[DEBUG]       com.fasterxml.jackson.module:jackson-module-parameter-names:jar:2.14.2:runtime
[DEBUG]       net.java.dev.jna:jna-platform:jar:5.13.0:runtime
[DEBUG]          net.java.dev.jna:jna:jar:5.13.0:runtime
[DEBUG]       org.apache.commons:commons-compress:jar:1.21:runtime
[DEBUG]       org.apache.httpcomponents.client5:httpclient5:jar:5.2.3:runtime
[DEBUG]          org.apache.httpcomponents.core5:httpcore5:jar:5.2.4:runtime
[DEBUG]          org.apache.httpcomponents.core5:httpcore5-h2:jar:5.2.4:runtime
[DEBUG]       org.tomlj:tomlj:jar:1.0.0:runtime
[DEBUG]          org.antlr:antlr4-runtime:jar:4.7.2:runtime
[DEBUG]          com.google.code.findbugs:jsr305:jar:3.0.2:runtime
[DEBUG]    org.springframework.boot:spring-boot-loader-tools:jar:3.2.4:runtime
[DEBUG]    org.apache.maven.shared:maven-common-artifact-filters:jar:3.3.2:runtime
[DEBUG]       org.slf4j:slf4j-api:jar:1.7.36:compile
[DEBUG]    org.springframework:spring-core:jar:6.1.5:runtime
[DEBUG]       org.springframework:spring-jcl:jar:6.1.5:runtime
[DEBUG]    org.springframework:spring-context:jar:6.1.5:runtime
[DEBUG]       org.springframework:spring-aop:jar:6.1.5:runtime
[DEBUG]       org.springframework:spring-beans:jar:6.1.5:runtime
[DEBUG]       org.springframework:spring-expression:jar:6.1.5:runtime
[DEBUG]       io.micrometer:micrometer-observation:jar:1.12.4:runtime
[DEBUG]          io.micrometer:micrometer-commons:jar:1.12.4:runtime
[DEBUG]    org.sonatype.plexus:plexus-build-api:jar:0.0.7:runtime
[DEBUG]       org.codehaus.plexus:plexus-utils:jar:1.5.8:compile
[DEBUG]    org.apache.maven.plugins:maven-shade-plugin:jar:3.5.0:compile (optional)
[DEBUG]       org.ow2.asm:asm:jar:9.5:compile (optional)
[DEBUG]       org.ow2.asm:asm-commons:jar:9.5:compile (optional)
[DEBUG]          org.ow2.asm:asm-tree:jar:9.5:compile (optional)
[DEBUG]       org.jdom:jdom2:jar:2.0.6.1:compile (optional)
[DEBUG]       org.apache.maven.shared:maven-dependency-tree:jar:3.2.1:compile (optional)
[DEBUG]          org.eclipse.aether:aether-util:jar:1.0.0.v20140518:compile (optional)
[DEBUG]             org.eclipse.aether:aether-api:jar:1.0.0.v20140518:compile (optional)
[DEBUG]       commons-io:commons-io:jar:2.13.0:compile (optional)
[DEBUG]       org.vafer:jdependency:jar:2.8.0:compile (optional)
[DEBUG]       org.apache.commons:commons-collections4:jar:4.4:compile (optional)
[DEBUG] Created new class realm plugin>org.springframework.boot:spring-boot-maven-plugin:3.2.4
[DEBUG] Importing foreign packages into class realm plugin>org.springframework.boot:spring-boot-maven-plugin:3.2.4
[DEBUG]   Imported:  < maven.api
[DEBUG] Populating class realm plugin>org.springframework.boot:spring-boot-maven-plugin:3.2.4
[DEBUG]   Included: org.springframework.boot:spring-boot-maven-plugin:jar:3.2.4
[DEBUG]   Included: org.springframework.boot:spring-boot-buildpack-platform:jar:3.2.4
[DEBUG]   Included: com.fasterxml.jackson.core:jackson-databind:jar:2.14.2
[DEBUG]   Included: com.fasterxml.jackson.core:jackson-annotations:jar:2.14.2
[DEBUG]   Included: com.fasterxml.jackson.core:jackson-core:jar:2.14.2
[DEBUG]   Included: com.fasterxml.jackson.module:jackson-module-parameter-names:jar:2.14.2
[DEBUG]   Included: net.java.dev.jna:jna-platform:jar:5.13.0
[DEBUG]   Included: net.java.dev.jna:jna:jar:5.13.0
[DEBUG]   Included: org.apache.commons:commons-compress:jar:1.21
[DEBUG]   Included: org.apache.httpcomponents.client5:httpclient5:jar:5.2.3
[DEBUG]   Included: org.apache.httpcomponents.core5:httpcore5:jar:5.2.4
[DEBUG]   Included: org.apache.httpcomponents.core5:httpcore5-h2:jar:5.2.4
[DEBUG]   Included: org.tomlj:tomlj:jar:1.0.0
[DEBUG]   Included: org.antlr:antlr4-runtime:jar:4.7.2
[DEBUG]   Included: com.google.code.findbugs:jsr305:jar:3.0.2
[DEBUG]   Included: org.springframework.boot:spring-boot-loader-tools:jar:3.2.4
[DEBUG]   Included: org.apache.maven.shared:maven-common-artifact-filters:jar:3.3.2
[DEBUG]   Included: org.springframework:spring-core:jar:6.1.5
[DEBUG]   Included: org.springframework:spring-jcl:jar:6.1.5
[DEBUG]   Included: org.springframework:spring-context:jar:6.1.5
[DEBUG]   Included: org.springframework:spring-aop:jar:6.1.5
[DEBUG]   Included: org.springframework:spring-beans:jar:6.1.5
[DEBUG]   Included: org.springframework:spring-expression:jar:6.1.5
[DEBUG]   Included: io.micrometer:micrometer-observation:jar:1.12.4
[DEBUG]   Included: io.micrometer:micrometer-commons:jar:1.12.4
[DEBUG]   Included: org.sonatype.plexus:plexus-build-api:jar:0.0.7
[DEBUG]   Included: org.codehaus.plexus:plexus-utils:jar:1.5.8
[DEBUG]   Included: org.apache.maven.plugins:maven-shade-plugin:jar:3.5.0
[DEBUG]   Included: org.ow2.asm:asm:jar:9.5
[DEBUG]   Included: org.ow2.asm:asm-commons:jar:9.5
[DEBUG]   Included: org.ow2.asm:asm-tree:jar:9.5
[DEBUG]   Included: org.jdom:jdom2:jar:2.0.6.1
[DEBUG]   Included: org.apache.maven.shared:maven-dependency-tree:jar:3.2.1
[DEBUG]   Included: commons-io:commons-io:jar:2.13.0
[DEBUG]   Included: org.vafer:jdependency:jar:2.8.0
[DEBUG]   Included: org.apache.commons:commons-collections4:jar:4.4
[DEBUG] Loading mojo org.springframework.boot:spring-boot-maven-plugin:3.2.4:repackage from plugin realm ClassRealm[plugin>org.springframework.boot:spring-boot-maven-plugin:3.2.4, parent: jdk.internal.loader.ClassLoaders$AppClassLoader@6d5380c2]
[DEBUG] Configuring mojo execution 'org.springframework.boot:spring-boot-maven-plugin:3.2.4:repackage:repackage' with basic configurator -->
[DEBUG]   (f) attach = true
[DEBUG]   (f) excludeDevtools = true
[DEBUG]   (f) excludeDockerCompose = true
[DEBUG]   (f) groupId = org.projectlombok
[DEBUG]   (f) artifactId = lombok
[DEBUG]   (f) excludes = [org.springframework.boot.maven.Exclude@2538bc06]
[DEBUG]   (f) executable = false
[DEBUG]   (f) finalName = java-kafka-parent-1.0.0
[DEBUG]   (f) includeSystemScope = false
[DEBUG]   (f) includes = []
[DEBUG]   (f) outputDirectory = /Users/mannan/Desktop/SpringBoot/Java-Kafka/target
[DEBUG]   (f) project = MavenProject: com.example:java-kafka-parent:1.0.0 @ /Users/mannan/Desktop/SpringBoot/Java-Kafka/pom.xml
[DEBUG]   (f) session = org.apache.maven.execution.MavenSession@54e3658c
[DEBUG]   (f) skip = false
[DEBUG] -- end configuration --
[DEBUG] repackage goal could not be applied to pom project.
[INFO] 
[INFO] --- install:3.1.1:install (default-install) @ java-kafka-parent ---
[DEBUG] Dependency collection stats {ConflictMarker.analyzeTime=55844, ConflictMarker.markTime=83440, ConflictMarker.nodeCount=4, ConflictIdSorter.graphTime=20622, ConflictIdSorter.topsortTime=16874, ConflictIdSorter.conflictIdCount=4, ConflictIdSorter.conflictIdCycleCount=0, ConflictResolver.totalTime=501270, ConflictResolver.conflictItemCount=4, DfDependencyCollector.collectTime=10843280, DfDependencyCollector.transformTime=702825}
[DEBUG] org.apache.maven.plugins:maven-install-plugin:jar:3.1.1
[DEBUG]    org.eclipse.aether:aether-util:jar:1.0.0.v20140518:compile
[DEBUG]       org.eclipse.aether:aether-api:jar:1.0.0.v20140518:compile
[DEBUG]    org.codehaus.plexus:plexus-utils:jar:3.5.0:compile
[DEBUG] Created new class realm plugin>org.apache.maven.plugins:maven-install-plugin:3.1.1
[DEBUG] Importing foreign packages into class realm plugin>org.apache.maven.plugins:maven-install-plugin:3.1.1
[DEBUG]   Imported:  < maven.api
[DEBUG] Populating class realm plugin>org.apache.maven.plugins:maven-install-plugin:3.1.1
[DEBUG]   Included: org.apache.maven.plugins:maven-install-plugin:jar:3.1.1
[DEBUG]   Included: org.codehaus.plexus:plexus-utils:jar:3.5.0
[DEBUG] Loading mojo org.apache.maven.plugins:maven-install-plugin:3.1.1:install from plugin realm ClassRealm[plugin>org.apache.maven.plugins:maven-install-plugin:3.1.1, parent: jdk.internal.loader.ClassLoaders$AppClassLoader@6d5380c2]
[DEBUG] Configuring mojo execution 'org.apache.maven.plugins:maven-install-plugin:3.1.1:install:default-install' with basic configurator -->
[DEBUG]   (f) allowIncompleteProjects = false
[DEBUG]   (f) installAtEnd = false
[DEBUG]   (f) pluginDescriptor = Component Descriptor: role: 'org.apache.maven.plugin.Mojo', implementation: 'org.apache.maven.plugins.maven_install_plugin.HelpMojo', role hint: 'org.apache.maven.plugins:maven-install-plugin:3.1.1:help'
role: 'org.apache.maven.plugin.Mojo', implementation: 'org.apache.maven.plugins.install.InstallMojo', role hint: 'org.apache.maven.plugins:maven-install-plugin:3.1.1:install'
role: 'org.apache.maven.plugin.Mojo', implementation: 'org.apache.maven.plugins.install.InstallFileMojo', role hint: 'org.apache.maven.plugins:maven-install-plugin:3.1.1:install-file'
---
[DEBUG]   (f) project = MavenProject: com.example:java-kafka-parent:1.0.0 @ /Users/mannan/Desktop/SpringBoot/Java-Kafka/pom.xml
[DEBUG]   (f) reactorProjects = [MavenProject: com.example:java-kafka-parent:1.0.0 @ /Users/mannan/Desktop/SpringBoot/Java-Kafka/pom.xml, MavenProject: com.example:common-models:1.0.0 @ /Users/mannan/Desktop/SpringBoot/Java-Kafka/common-models/pom.xml, MavenProject: com.example:file-processor-service:1.0.0 @ /Users/mannan/Desktop/SpringBoot/Java-Kafka/file-processor-service/pom.xml, MavenProject: com.example:kafka-publisher-service:1.0.0 @ /Users/mannan/Desktop/SpringBoot/Java-Kafka/kafka-publisher-service/pom.xml, MavenProject: com.example:kafka-consumer-service:1.0.0 @ /Users/mannan/Desktop/SpringBoot/Java-Kafka/kafka-consumer-service/pom.xml]
[DEBUG]   (f) session = org.apache.maven.execution.MavenSession@54e3658c
[DEBUG]   (f) skip = false
[DEBUG] -- end configuration --
[INFO] Installing /Users/mannan/Desktop/SpringBoot/Java-Kafka/pom.xml to /Users/mannan/.m2/repository/com/example/java-kafka-parent/1.0.0/java-kafka-parent-1.0.0.pom
[DEBUG] Writing tracking file '/Users/mannan/.m2/repository/com/example/java-kafka-parent/1.0.0/_remote.repositories'
[DEBUG] Installing com.example:java-kafka-parent/maven-metadata.xml to /Users/mannan/.m2/repository/com/example/java-kafka-parent/maven-metadata-local.xml
[INFO] 
[INFO] ---------------------< com.example:common-models >----------------------
[INFO] Building Common Models 1.0.0                                       [2/5]
[INFO]   from common-models/pom.xml
[INFO] --------------------------------[ jar ]---------------------------------
[DEBUG] Lifecycle clean -> [pre-clean, clean, post-clean]
[DEBUG] Lifecycle default -> [validate, initialize, generate-sources, process-sources, generate-resources, process-resources, compile, process-classes, generate-test-sources, process-test-sources, generate-test-resources, process-test-resources, test-compile, process-test-classes, test, prepare-package, package, pre-integration-test, integration-test, post-integration-test, verify, install, deploy]
[DEBUG] Lifecycle site -> [pre-site, site, post-site, site-deploy]
[DEBUG] Lifecycle clean -> [pre-clean, clean, post-clean]
[DEBUG] Lifecycle default -> [validate, initialize, generate-sources, process-sources, generate-resources, process-resources, compile, process-classes, generate-test-sources, process-test-sources, generate-test-resources, process-test-resources, test-compile, process-test-classes, test, prepare-package, package, pre-integration-test, integration-test, post-integration-test, verify, install, deploy]
[DEBUG] Lifecycle site -> [pre-site, site, post-site, site-deploy]
[DEBUG] Lifecycle clean -> [pre-clean, clean, post-clean]
[DEBUG] Lifecycle default -> [validate, initialize, generate-sources, process-sources, generate-resources, process-resources, compile, process-classes, generate-test-sources, process-test-sources, generate-test-resources, process-test-resources, test-compile, process-test-classes, test, prepare-package, package, pre-integration-test, integration-test, post-integration-test, verify, install, deploy]
[DEBUG] Lifecycle site -> [pre-site, site, post-site, site-deploy]
[DEBUG] Lifecycle clean -> [pre-clean, clean, post-clean]
[DEBUG] Lifecycle default -> [validate, initialize, generate-sources, process-sources, generate-resources, process-resources, compile, process-classes, generate-test-sources, process-test-sources, generate-test-resources, process-test-resources, test-compile, process-test-classes, test, prepare-package, package, pre-integration-test, integration-test, post-integration-test, verify, install, deploy]
[DEBUG] Lifecycle site -> [pre-site, site, post-site, site-deploy]
[DEBUG] Lifecycle clean -> [pre-clean, clean, post-clean]
[DEBUG] Lifecycle default -> [validate, initialize, generate-sources, process-sources, generate-resources, process-resources, compile, process-classes, generate-test-sources, process-test-sources, generate-test-resources, process-test-resources, test-compile, process-test-classes, test, prepare-package, package, pre-integration-test, integration-test, post-integration-test, verify, install, deploy]
[DEBUG] Lifecycle site -> [pre-site, site, post-site, site-deploy]
[DEBUG] Lifecycle clean -> [pre-clean, clean, post-clean]
[DEBUG] Lifecycle default -> [validate, initialize, generate-sources, process-sources, generate-resources, process-resources, compile, process-classes, generate-test-sources, process-test-sources, generate-test-resources, process-test-resources, test-compile, process-test-classes, test, prepare-package, package, pre-integration-test, integration-test, post-integration-test, verify, install, deploy]
[DEBUG] Lifecycle site -> [pre-site, site, post-site, site-deploy]
[DEBUG] Lifecycle clean -> [pre-clean, clean, post-clean]
[DEBUG] Lifecycle default -> [validate, initialize, generate-sources, process-sources, generate-resources, process-resources, compile, process-classes, generate-test-sources, process-test-sources, generate-test-resources, process-test-resources, test-compile, process-test-classes, test, prepare-package, package, pre-integration-test, integration-test, post-integration-test, verify, install, deploy]
[DEBUG] Lifecycle site -> [pre-site, site, post-site, site-deploy]
[DEBUG] Lifecycle clean -> [pre-clean, clean, post-clean]
[DEBUG] Lifecycle default -> [validate, initialize, generate-sources, process-sources, generate-resources, process-resources, compile, process-classes, generate-test-sources, process-test-sources, generate-test-resources, process-test-resources, test-compile, process-test-classes, test, prepare-package, package, pre-integration-test, integration-test, post-integration-test, verify, install, deploy]
[DEBUG] Lifecycle site -> [pre-site, site, post-site, site-deploy]
[DEBUG] Lifecycle clean -> [pre-clean, clean, post-clean]
[DEBUG] Lifecycle default -> [validate, initialize, generate-sources, process-sources, generate-resources, process-resources, compile, process-classes, generate-test-sources, process-test-sources, generate-test-resources, process-test-resources, test-compile, process-test-classes, test, prepare-package, package, pre-integration-test, integration-test, post-integration-test, verify, install, deploy]
[DEBUG] Lifecycle site -> [pre-site, site, post-site, site-deploy]
[DEBUG] Lifecycle clean -> [pre-clean, clean, post-clean]
[DEBUG] Lifecycle default -> [validate, initialize, generate-sources, process-sources, generate-resources, process-resources, compile, process-classes, generate-test-sources, process-test-sources, generate-test-resources, process-test-resources, test-compile, process-test-classes, test, prepare-package, package, pre-integration-test, integration-test, post-integration-test, verify, install, deploy]
[DEBUG] Lifecycle site -> [pre-site, site, post-site, site-deploy]
[DEBUG] === PROJECT BUILD PLAN ================================================
[DEBUG] Project:       com.example:common-models:1.0.0
[DEBUG] Dependencies (collect): [compile+runtime]
[DEBUG] Dependencies (resolve): [compile, compile+runtime, runtime, test]
[DEBUG] Repositories (dependencies): [central (https://repo.maven.apache.org/maven2, default, releases)]
[DEBUG] Repositories (plugins)     : [central (https://repo.maven.apache.org/maven2, default, releases)]
[DEBUG] -----------------------------------------------------------------------
[DEBUG] Goal:          org.apache.maven.plugins:maven-clean-plugin:3.3.2:clean (default-clean)
[DEBUG] Style:         Regular
[DEBUG] Configuration: <?xml version="1.0" encoding="UTF-8"?>
<configuration>
  <directory default-value="${project.build.directory}"/>
  <excludeDefaultDirectories default-value="false">${maven.clean.excludeDefaultDirectories}</excludeDefaultDirectories>
  <failOnError default-value="true">${maven.clean.failOnError}</failOnError>
  <fast default-value="false">${maven.clean.fast}</fast>
  <fastDir>${maven.clean.fastDir}</fastDir>
  <fastMode default-value="background">${maven.clean.fastMode}</fastMode>
  <followSymLinks default-value="false">${maven.clean.followSymLinks}</followSymLinks>
  <outputDirectory default-value="${project.build.outputDirectory}"/>
  <reportDirectory default-value="${project.build.outputDirectory}"/>
  <retryOnError default-value="true">${maven.clean.retryOnError}</retryOnError>
  <session default-value="${session}"/>
  <skip default-value="false">${maven.clean.skip}</skip>
  <testOutputDirectory default-value="${project.build.testOutputDirectory}"/>
  <verbose>${maven.clean.verbose}</verbose>
</configuration>
[DEBUG] -----------------------------------------------------------------------
[DEBUG] Goal:          org.apache.maven.plugins:maven-resources-plugin:3.3.1:resources (default-resources)
[DEBUG] Style:         Regular
[DEBUG] Configuration: <?xml version="1.0" encoding="UTF-8"?>
<configuration>
  <addDefaultExcludes default-value="true"/>
  <buildFilters default-value="${project.build.filters}"/>
  <delimiters>
    <delimiter>@</delimiter>
  </delimiters>
  <encoding default-value="${project.build.sourceEncoding}"/>
  <escapeWindowsPaths default-value="true"/>
  <fileNameFiltering default-value="false"/>
  <includeEmptyDirs default-value="false"/>
  <outputDirectory default-value="${project.build.outputDirectory}"/>
  <overwrite default-value="false"/>
  <project default-value="${project}"/>
  <propertiesEncoding>UTF-8</propertiesEncoding>
  <resources default-value="${project.resources}"/>
  <session default-value="${session}"/>
  <skip default-value="false">${maven.resources.skip}</skip>
  <supportMultiLineFiltering default-value="false"/>
  <useBuildFilters default-value="true"/>
  <useDefaultDelimiters default-value="true">false</useDefaultDelimiters>
</configuration>
[DEBUG] -----------------------------------------------------------------------
[DEBUG] Goal:          org.apache.maven.plugins:maven-compiler-plugin:3.11.0:compile (default-compile)
[DEBUG] Style:         Regular
[DEBUG] Configuration: <?xml version="1.0" encoding="UTF-8"?>
<configuration>
  <basedir default-value="${basedir}"/>
  <buildDirectory default-value="${project.build.directory}"/>
  <compilePath default-value="${project.compileClasspathElements}"/>
  <compileSourceRoots default-value="${project.compileSourceRoots}"/>
  <compilerId default-value="javac">${maven.compiler.compilerId}</compilerId>
  <compilerReuseStrategy default-value="${reuseCreated}">${maven.compiler.compilerReuseStrategy}</compilerReuseStrategy>
  <compilerVersion>${maven.compiler.compilerVersion}</compilerVersion>
  <createMissingPackageInfoClass default-value="true">${maven.compiler.createMissingPackageInfoClass}</createMissingPackageInfoClass>
  <debug default-value="true">${maven.compiler.debug}</debug>
  <debugFileName default-value="javac"/>
  <debuglevel>${maven.compiler.debuglevel}</debuglevel>
  <enablePreview default-value="false">${maven.compiler.enablePreview}</enablePreview>
  <encoding default-value="${project.build.sourceEncoding}">${encoding}</encoding>
  <executable>${maven.compiler.executable}</executable>
  <failOnError default-value="true">${maven.compiler.failOnError}</failOnError>
  <failOnWarning default-value="false">${maven.compiler.failOnWarning}</failOnWarning>
  <forceJavacCompilerUse default-value="false">${maven.compiler.forceJavacCompilerUse}</forceJavacCompilerUse>
  <fork default-value="false">${maven.compiler.fork}</fork>
  <generatedSourcesDirectory default-value="${project.build.directory}/generated-sources/annotations"/>
  <implicit>${maven.compiler.implicit}</implicit>
  <maxmem>${maven.compiler.maxmem}</maxmem>
  <meminitial>${maven.compiler.meminitial}</meminitial>
  <mojoExecution default-value="${mojoExecution}"/>
  <optimize default-value="false">${maven.compiler.optimize}</optimize>
  <outputDirectory default-value="${project.build.outputDirectory}"/>
  <parameters default-value="false">true</parameters>
  <project default-value="${project}"/>
  <projectArtifact default-value="${project.artifact}"/>
  <release>${maven.compiler.release}</release>
  <session default-value="${session}"/>
  <showCompilationChanges default-value="false">${maven.compiler.showCompilationChanges}</showCompilationChanges>
  <showDeprecation default-value="false">${maven.compiler.showDeprecation}</showDeprecation>
  <showWarnings default-value="true">${maven.compiler.showWarnings}</showWarnings>
  <skipMain>${maven.main.skip}</skipMain>
  <skipMultiThreadWarning default-value="false">${maven.compiler.skipMultiThreadWarning}</skipMultiThreadWarning>
  <source default-value="1.8">${maven.compiler.source}</source>
  <staleMillis default-value="0">${lastModGranularityMs}</staleMillis>
  <target default-value="1.8">${maven.compiler.target}</target>
  <useIncrementalCompilation default-value="true">${maven.compiler.useIncrementalCompilation}</useIncrementalCompilation>
  <verbose default-value="false">${maven.compiler.verbose}</verbose>
</configuration>
[DEBUG] -----------------------------------------------------------------------
[DEBUG] Goal:          org.apache.maven.plugins:maven-resources-plugin:3.3.1:testResources (default-testResources)
[DEBUG] Style:         Regular
[DEBUG] Configuration: <?xml version="1.0" encoding="UTF-8"?>
<configuration>
  <addDefaultExcludes default-value="true"/>
  <buildFilters default-value="${project.build.filters}"/>
  <delimiters>
    <delimiter>@</delimiter>
  </delimiters>
  <encoding default-value="${project.build.sourceEncoding}"/>
  <escapeWindowsPaths default-value="true"/>
  <fileNameFiltering default-value="false"/>
  <includeEmptyDirs default-value="false"/>
  <outputDirectory default-value="${project.build.testOutputDirectory}"/>
  <overwrite default-value="false"/>
  <project default-value="${project}"/>
  <propertiesEncoding>UTF-8</propertiesEncoding>
  <resources default-value="${project.testResources}"/>
  <session default-value="${session}"/>
  <skip default-value="false">${maven.test.skip}</skip>
  <supportMultiLineFiltering default-value="false"/>
  <useBuildFilters default-value="true"/>
  <useDefaultDelimiters default-value="true">false</useDefaultDelimiters>
</configuration>
[DEBUG] -----------------------------------------------------------------------
[DEBUG] Goal:          org.apache.maven.plugins:maven-compiler-plugin:3.11.0:testCompile (default-testCompile)
[DEBUG] Style:         Regular
[DEBUG] Configuration: <?xml version="1.0" encoding="UTF-8"?>
<configuration>
  <basedir default-value="${basedir}"/>
  <buildDirectory default-value="${project.build.directory}"/>
  <compileSourceRoots default-value="${project.testCompileSourceRoots}"/>
  <compilerId default-value="javac">${maven.compiler.compilerId}</compilerId>
  <compilerReuseStrategy default-value="${reuseCreated}">${maven.compiler.compilerReuseStrategy}</compilerReuseStrategy>
  <compilerVersion>${maven.compiler.compilerVersion}</compilerVersion>
  <createMissingPackageInfoClass default-value="true">${maven.compiler.createMissingPackageInfoClass}</createMissingPackageInfoClass>
  <debug default-value="true">${maven.compiler.debug}</debug>
  <debugFileName default-value="javac-test"/>
  <debuglevel>${maven.compiler.debuglevel}</debuglevel>
  <enablePreview default-value="false">${maven.compiler.enablePreview}</enablePreview>
  <encoding default-value="${project.build.sourceEncoding}">${encoding}</encoding>
  <executable>${maven.compiler.executable}</executable>
  <failOnError default-value="true">${maven.compiler.failOnError}</failOnError>
  <failOnWarning default-value="false">${maven.compiler.failOnWarning}</failOnWarning>
  <forceJavacCompilerUse default-value="false">${maven.compiler.forceJavacCompilerUse}</forceJavacCompilerUse>
  <fork default-value="false">${maven.compiler.fork}</fork>
  <generatedTestSourcesDirectory default-value="${project.build.directory}/generated-test-sources/test-annotations"/>
  <implicit>${maven.compiler.implicit}</implicit>
  <maxmem>${maven.compiler.maxmem}</maxmem>
  <meminitial>${maven.compiler.meminitial}</meminitial>
  <mojoExecution default-value="${mojoExecution}"/>
  <optimize default-value="false">${maven.compiler.optimize}</optimize>
  <outputDirectory default-value="${project.build.testOutputDirectory}"/>
  <parameters default-value="false">true</parameters>
  <project default-value="${project}"/>
  <release>${maven.compiler.release}</release>
  <session default-value="${session}"/>
  <showCompilationChanges default-value="false">${maven.compiler.showCompilationChanges}</showCompilationChanges>
  <showDeprecation default-value="false">${maven.compiler.showDeprecation}</showDeprecation>
  <showWarnings default-value="true">${maven.compiler.showWarnings}</showWarnings>
  <skip>${maven.test.skip}</skip>
  <skipMultiThreadWarning default-value="false">${maven.compiler.skipMultiThreadWarning}</skipMultiThreadWarning>
  <source default-value="1.8">${maven.compiler.source}</source>
  <staleMillis default-value="0">${lastModGranularityMs}</staleMillis>
  <target default-value="1.8">${maven.compiler.target}</target>
  <testPath default-value="${project.testClasspathElements}"/>
  <testRelease>${maven.compiler.testRelease}</testRelease>
  <testSource>${maven.compiler.testSource}</testSource>
  <testTarget>${maven.compiler.testTarget}</testTarget>
  <useIncrementalCompilation default-value="true">${maven.compiler.useIncrementalCompilation}</useIncrementalCompilation>
  <useModulePath default-value="true"/>
  <verbose default-value="false">${maven.compiler.verbose}</verbose>
</configuration>
[DEBUG] -----------------------------------------------------------------------
[DEBUG] Goal:          org.apache.maven.plugins:maven-surefire-plugin:3.1.2:test (default-test)
[DEBUG] Style:         Regular
[DEBUG] Configuration: <?xml version="1.0" encoding="UTF-8"?>
<configuration>
  <additionalClasspathElements>${maven.test.additionalClasspath}</additionalClasspathElements>
  <argLine>${argLine}</argLine>
  <basedir default-value="${basedir}"/>
  <childDelegation default-value="false">${childDelegation}</childDelegation>
  <classesDirectory default-value="${project.build.outputDirectory}"/>
  <classpathDependencyExcludes>${maven.test.dependency.excludes}</classpathDependencyExcludes>
  <debugForkedProcess>${maven.surefire.debug}</debugForkedProcess>
  <dependenciesToScan>${dependenciesToScan}</dependenciesToScan>
  <disableXmlReport default-value="false">${disableXmlReport}</disableXmlReport>
  <enableAssertions default-value="true">${enableAssertions}</enableAssertions>
  <enableProcessChecker>${surefire.enableProcessChecker}</enableProcessChecker>
  <encoding default-value="${project.reporting.outputEncoding}">${surefire.encoding}</encoding>
  <excludeJUnit5Engines>${surefire.excludeJUnit5Engines}</excludeJUnit5Engines>
  <excludedEnvironmentVariables>${surefire.excludedEnvironmentVariables}</excludedEnvironmentVariables>
  <excludedGroups>${excludedGroups}</excludedGroups>
  <excludes>${surefire.excludes}</excludes>
  <excludesFile>${surefire.excludesFile}</excludesFile>
  <failIfNoSpecifiedTests default-value="true">${surefire.failIfNoSpecifiedTests}</failIfNoSpecifiedTests>
  <failIfNoTests default-value="false">${failIfNoTests}</failIfNoTests>
  <failOnFlakeCount default-value="0">${surefire.failOnFlakeCount}</failOnFlakeCount>
  <forkCount default-value="1">${forkCount}</forkCount>
  <forkNode>${surefire.forkNode}</forkNode>
  <forkedProcessExitTimeoutInSeconds default-value="30">${surefire.exitTimeout}</forkedProcessExitTimeoutInSeconds>
  <forkedProcessTimeoutInSeconds>${surefire.timeout}</forkedProcessTimeoutInSeconds>
  <groups>${groups}</groups>
  <includeJUnit5Engines>${surefire.includeJUnit5Engines}</includeJUnit5Engines>
  <includes>${surefire.includes}</includes>
  <includesFile>${surefire.includesFile}</includesFile>
  <junitArtifactName default-value="junit:junit">${junitArtifactName}</junitArtifactName>
  <jvm>${jvm}</jvm>
  <objectFactory>${objectFactory}</objectFactory>
  <parallel>${parallel}</parallel>
  <parallelMavenExecution default-value="${session.parallel}"/>
  <parallelOptimized default-value="true">${parallelOptimized}</parallelOptimized>
  <parallelTestsTimeoutForcedInSeconds>${surefire.parallel.forcedTimeout}</parallelTestsTimeoutForcedInSeconds>
  <parallelTestsTimeoutInSeconds>${surefire.parallel.timeout}</parallelTestsTimeoutInSeconds>
  <perCoreThreadCount default-value="true">${perCoreThreadCount}</perCoreThreadCount>
  <pluginArtifactMap>${plugin.artifactMap}</pluginArtifactMap>
  <pluginDescriptor default-value="${plugin}"/>
  <printSummary default-value="true">${surefire.printSummary}</printSummary>
  <project default-value="${project}"/>
  <projectArtifactMap>${project.artifactMap}</projectArtifactMap>
  <projectBuildDirectory default-value="${project.build.directory}"/>
  <redirectTestOutputToFile default-value="false">${maven.test.redirectTestOutputToFile}</redirectTestOutputToFile>
  <reportFormat default-value="brief">${surefire.reportFormat}</reportFormat>
  <reportNameSuffix default-value="">${surefire.reportNameSuffix}</reportNameSuffix>
  <reportsDirectory default-value="${project.build.directory}/surefire-reports"/>
  <rerunFailingTestsCount default-value="0">${surefire.rerunFailingTestsCount}</rerunFailingTestsCount>
  <reuseForks default-value="true">${reuseForks}</reuseForks>
  <runOrder default-value="filesystem">${surefire.runOrder}</runOrder>
  <runOrderRandomSeed>${surefire.runOrder.random.seed}</runOrderRandomSeed>
  <session default-value="${session}"/>
  <shutdown default-value="exit">${surefire.shutdown}</shutdown>
  <skip default-value="false">${maven.test.skip}</skip>
  <skipAfterFailureCount default-value="0">${surefire.skipAfterFailureCount}</skipAfterFailureCount>
  <skipExec>${maven.test.skip.exec}</skipExec>
  <skipTests default-value="false">${skipTests}</skipTests>
  <suiteXmlFiles>${surefire.suiteXmlFiles}</suiteXmlFiles>
  <systemPropertiesFile>${surefire.systemPropertiesFile}</systemPropertiesFile>
  <tempDir default-value="surefire">${tempDir}</tempDir>
  <test>${test}</test>
  <testClassesDirectory default-value="${project.build.testOutputDirectory}"/>
  <testFailureIgnore default-value="false">${maven.test.failure.ignore}</testFailureIgnore>
  <testNGArtifactName default-value="org.testng:testng">${testNGArtifactName}</testNGArtifactName>
  <testSourceDirectory default-value="${project.build.testSourceDirectory}"/>
  <threadCount>${threadCount}</threadCount>
  <threadCountClasses default-value="0">${threadCountClasses}</threadCountClasses>
  <threadCountMethods default-value="0">${threadCountMethods}</threadCountMethods>
  <threadCountSuites default-value="0">${threadCountSuites}</threadCountSuites>
  <trimStackTrace default-value="false">${trimStackTrace}</trimStackTrace>
  <useFile default-value="true">${surefire.useFile}</useFile>
  <useManifestOnlyJar default-value="true">${surefire.useManifestOnlyJar}</useManifestOnlyJar>
  <useModulePath default-value="true">${surefire.useModulePath}</useModulePath>
  <useSystemClassLoader default-value="true">${surefire.useSystemClassLoader}</useSystemClassLoader>
  <useUnlimitedThreads default-value="false">${useUnlimitedThreads}</useUnlimitedThreads>
  <workingDirectory>${basedir}</workingDirectory>
</configuration>
[DEBUG] -----------------------------------------------------------------------
[DEBUG] Goal:          org.apache.maven.plugins:maven-jar-plugin:3.3.0:jar (default-jar)
[DEBUG] Style:         Regular
[DEBUG] Configuration: <?xml version="1.0" encoding="UTF-8"?>
<configuration>
  <archive>
    <manifest>
      <mainClass>${start-class}</mainClass>
      <addDefaultImplementationEntries>true</addDefaultImplementationEntries>
    </manifest>
  </archive>
  <classesDirectory default-value="${project.build.outputDirectory}"/>
  <finalName default-value="${project.build.finalName}"/>
  <forceCreation default-value="false">${maven.jar.forceCreation}</forceCreation>
  <outputDirectory default-value="${project.build.directory}"/>
  <outputTimestamp default-value="${project.build.outputTimestamp}"/>
  <project default-value="${project}"/>
  <session default-value="${session}"/>
  <skipIfEmpty default-value="false"/>
  <useDefaultManifestFile default-value="false">${jar.useDefaultManifestFile}</useDefaultManifestFile>
</configuration>
[DEBUG] -----------------------------------------------------------------------
[DEBUG] Goal:          org.springframework.boot:spring-boot-maven-plugin:3.2.4:repackage (repackage)
[DEBUG] Style:         Regular
[DEBUG] Configuration: <?xml version="1.0" encoding="UTF-8"?>
<configuration>
  <attach default-value="true"/>
  <excludeDevtools default-value="true">${spring-boot.repackage.excludeDevtools}</excludeDevtools>
  <excludeDockerCompose default-value="true">${spring-boot.repackage.excludeDockerCompose}</excludeDockerCompose>
  <excludeGroupIds default-value="">${spring-boot.excludeGroupIds}</excludeGroupIds>
  <excludes>
    <exclude>
      <groupId>org.projectlombok</groupId>
      <artifactId>lombok</artifactId>
    </exclude>${spring-boot.excludes}</excludes>
  <executable default-value="false"/>
  <finalName default-value="${project.build.finalName}"/>
  <includeSystemScope default-value="false"/>
  <includes>${spring-boot.includes}</includes>
  <layout>${spring-boot.repackage.layout}</layout>
  <mainClass>${start-class}</mainClass>
  <outputDirectory default-value="${project.build.directory}"/>
  <outputTimestamp default-value="${project.build.outputTimestamp}"/>
  <project default-value="${project}"/>
  <session default-value="${session}"/>
  <skip default-value="false">${spring-boot.repackage.skip}</skip>
</configuration>
[DEBUG] -----------------------------------------------------------------------
[DEBUG] Goal:          org.apache.maven.plugins:maven-install-plugin:3.1.1:install (default-install)
[DEBUG] Style:         Regular
[DEBUG] Configuration: <?xml version="1.0" encoding="UTF-8"?>
<configuration>
  <allowIncompleteProjects default-value="false">${allowIncompleteProjects}</allowIncompleteProjects>
  <installAtEnd default-value="false">${installAtEnd}</installAtEnd>
  <pluginDescriptor default-value="${plugin}"/>
  <project default-value="${project}"/>
  <reactorProjects default-value="${reactorProjects}"/>
  <session default-value="${session}"/>
  <skip default-value="false">${maven.install.skip}</skip>
</configuration>
[DEBUG] =======================================================================
[DEBUG] Dependency collection stats {ConflictMarker.analyzeTime=406134, ConflictMarker.markTime=279250, ConflictMarker.nodeCount=93, ConflictIdSorter.graphTime=256815, ConflictIdSorter.topsortTime=81768, ConflictIdSorter.conflictIdCount=53, ConflictIdSorter.conflictIdCycleCount=0, ConflictResolver.totalTime=4074866, ConflictResolver.conflictItemCount=91, DfDependencyCollector.collectTime=977466366, DfDependencyCollector.transformTime=5236560}
[DEBUG] com.example:common-models:jar:1.0.0
[DEBUG]    org.springframework.boot:spring-boot-starter-data-jpa:jar:3.2.4:compile
[DEBUG]       org.springframework.boot:spring-boot-starter-aop:jar:3.2.4:compile (version managed from 3.2.4)
[DEBUG]          org.springframework.boot:spring-boot-starter:jar:3.2.4:compile (version managed from 3.2.4)
[DEBUG]             org.springframework.boot:spring-boot:jar:3.2.4:compile (version managed from 3.2.4)
[DEBUG]             org.springframework.boot:spring-boot-autoconfigure:jar:3.2.4:compile (version managed from 3.2.4)
[DEBUG]             org.springframework.boot:spring-boot-starter-logging:jar:3.2.4:compile (version managed from 3.2.4)
[DEBUG]                ch.qos.logback:logback-classic:jar:1.4.14:compile (version managed from 1.4.14)
[DEBUG]                   ch.qos.logback:logback-core:jar:1.4.14:compile (version managed from 1.4.14)
[DEBUG]                org.apache.logging.log4j:log4j-to-slf4j:jar:2.21.1:compile (version managed from 2.21.1)
[DEBUG]                   org.apache.logging.log4j:log4j-api:jar:2.21.1:compile (version managed from 2.21.1)
[DEBUG]                org.slf4j:jul-to-slf4j:jar:2.0.12:compile (version managed from 2.0.12)
[DEBUG]             org.yaml:snakeyaml:jar:2.2:compile (version managed from 2.2)
[DEBUG]          org.springframework:spring-aop:jar:6.1.5:compile (version managed from 6.1.5)
[DEBUG]          org.aspectj:aspectjweaver:jar:1.9.21:compile (version managed from 1.9.21)
[DEBUG]       org.springframework.boot:spring-boot-starter-jdbc:jar:3.2.4:compile (version managed from 3.2.4)
[DEBUG]          com.zaxxer:HikariCP:jar:5.0.1:compile (version managed from 5.0.1)
[DEBUG]          org.springframework:spring-jdbc:jar:6.1.5:compile (version managed from 6.1.5)
[DEBUG]       org.hibernate.orm:hibernate-core:jar:6.4.4.Final:compile (version managed from 6.4.4.Final)
[DEBUG]          jakarta.persistence:jakarta.persistence-api:jar:3.1.0:compile (version managed from 3.1.0)
[DEBUG]          jakarta.transaction:jakarta.transaction-api:jar:2.0.1:compile (version managed from 2.0.1)
[DEBUG]          org.jboss.logging:jboss-logging:jar:3.5.3.Final:runtime (version managed from 3.5.0.Final)
[DEBUG]          org.hibernate.common:hibernate-commons-annotations:jar:6.0.6.Final:runtime
[DEBUG]          io.smallrye:jandex:jar:3.1.2:runtime
[DEBUG]          com.fasterxml:classmate:jar:1.6.0:runtime (version managed from 1.5.1)
[DEBUG]          net.bytebuddy:byte-buddy:jar:1.14.12:runtime (version managed from 1.14.11)
[DEBUG]          jakarta.xml.bind:jakarta.xml.bind-api:jar:4.0.2:runtime (version managed from 4.0.0)
[DEBUG]             jakarta.activation:jakarta.activation-api:jar:2.1.3:runtime (version managed from 2.1.3)
[DEBUG]          org.glassfish.jaxb:jaxb-runtime:jar:4.0.5:runtime (version managed from 4.0.2)
[DEBUG]             org.glassfish.jaxb:jaxb-core:jar:4.0.5:runtime (version managed from 4.0.5)
[DEBUG]                org.eclipse.angus:angus-activation:jar:2.0.2:runtime (version managed from 2.0.2)
[DEBUG]                org.glassfish.jaxb:txw2:jar:4.0.5:runtime (version managed from 4.0.5)
[DEBUG]                com.sun.istack:istack-commons-runtime:jar:4.1.2:runtime (version managed from 4.1.2)
[DEBUG]          jakarta.inject:jakarta.inject-api:jar:2.0.1:runtime
[DEBUG]          org.antlr:antlr4-runtime:jar:4.13.0:compile
[DEBUG]       org.springframework.data:spring-data-jpa:jar:3.2.4:compile (version managed from 3.2.4)
[DEBUG]          org.springframework.data:spring-data-commons:jar:3.2.4:compile (version managed from 3.2.4)
[DEBUG]          org.springframework:spring-orm:jar:6.1.5:compile (version managed from 6.1.5)
[DEBUG]          org.springframework:spring-context:jar:6.1.5:compile (version managed from 6.1.5)
[DEBUG]             org.springframework:spring-expression:jar:6.1.5:compile (version managed from 6.1.5)
[DEBUG]             io.micrometer:micrometer-observation:jar:1.12.4:compile (version managed from 1.12.4)
[DEBUG]                io.micrometer:micrometer-commons:jar:1.12.4:compile (version managed from 1.12.4)
[DEBUG]          org.springframework:spring-tx:jar:6.1.5:compile (version managed from 6.1.5)
[DEBUG]          org.springframework:spring-beans:jar:6.1.5:compile (version managed from 6.1.5)
[DEBUG]          org.springframework:spring-core:jar:6.1.5:compile (version managed from 6.1.5)
[DEBUG]             org.springframework:spring-jcl:jar:6.1.5:compile (version managed from 6.1.5)
[DEBUG]          jakarta.annotation:jakarta.annotation-api:jar:2.1.1:compile (version managed from 2.0.0)
[DEBUG]          org.slf4j:slf4j-api:jar:2.0.12:compile (version managed from 2.0.2)
[DEBUG]       org.springframework:spring-aspects:jar:6.1.5:compile (version managed from 6.1.5)
[DEBUG]    org.projectlombok:lombok:jar:1.18.30:compile (optional)
[DEBUG]    com.fasterxml.jackson.core:jackson-databind:jar:2.15.4:compile
[DEBUG]       com.fasterxml.jackson.core:jackson-annotations:jar:2.15.4:compile (version managed from 2.15.4)
[DEBUG]       com.fasterxml.jackson.core:jackson-core:jar:2.15.4:compile (version managed from 2.15.4)
[DEBUG]    com.fasterxml.jackson.datatype:jackson-datatype-jsr310:jar:2.15.4:compile
[INFO] 
[INFO] --- clean:3.3.2:clean (default-clean) @ common-models ---
[DEBUG] Loading mojo org.apache.maven.plugins:maven-clean-plugin:3.3.2:clean from plugin realm ClassRealm[plugin>org.apache.maven.plugins:maven-clean-plugin:3.3.2, parent: jdk.internal.loader.ClassLoaders$AppClassLoader@6d5380c2]
[DEBUG] Configuring mojo execution 'org.apache.maven.plugins:maven-clean-plugin:3.3.2:clean:default-clean' with basic configurator -->
[DEBUG]   (f) directory = /Users/mannan/Desktop/SpringBoot/Java-Kafka/common-models/target
[DEBUG]   (f) excludeDefaultDirectories = false
[DEBUG]   (f) failOnError = true
[DEBUG]   (f) fast = false
[DEBUG]   (f) fastMode = background
[DEBUG]   (f) followSymLinks = false
[DEBUG]   (f) outputDirectory = /Users/mannan/Desktop/SpringBoot/Java-Kafka/common-models/target/classes
[DEBUG]   (f) reportDirectory = /Users/mannan/Desktop/SpringBoot/Java-Kafka/common-models/target/classes
[DEBUG]   (f) retryOnError = true
[DEBUG]   (f) session = org.apache.maven.execution.MavenSession@54e3658c
[DEBUG]   (f) skip = false
[DEBUG]   (f) testOutputDirectory = /Users/mannan/Desktop/SpringBoot/Java-Kafka/common-models/target/test-classes
[DEBUG] -- end configuration --
[INFO] Deleting /Users/mannan/Desktop/SpringBoot/Java-Kafka/common-models/target
[INFO] Deleting file /Users/mannan/Desktop/SpringBoot/Java-Kafka/common-models/target/common-models-1.0.0.jar.original
[INFO] Deleting file /Users/mannan/Desktop/SpringBoot/Java-Kafka/common-models/target/common-models-1.0.0.jar
[INFO] Deleting file /Users/mannan/Desktop/SpringBoot/Java-Kafka/common-models/target/maven-archiver/pom.properties
[INFO] Deleting directory /Users/mannan/Desktop/SpringBoot/Java-Kafka/common-models/target/maven-archiver
[INFO] Deleting file /Users/mannan/Desktop/SpringBoot/Java-Kafka/common-models/target/maven-status/maven-compiler-plugin/compile/default-compile/createdFiles.lst
[INFO] Deleting file /Users/mannan/Desktop/SpringBoot/Java-Kafka/common-models/target/maven-status/maven-compiler-plugin/compile/default-compile/inputFiles.lst
[INFO] Deleting directory /Users/mannan/Desktop/SpringBoot/Java-Kafka/common-models/target/maven-status/maven-compiler-plugin/compile/default-compile
[INFO] Deleting directory /Users/mannan/Desktop/SpringBoot/Java-Kafka/common-models/target/maven-status/maven-compiler-plugin/compile
[INFO] Deleting directory /Users/mannan/Desktop/SpringBoot/Java-Kafka/common-models/target/maven-status/maven-compiler-plugin
[INFO] Deleting directory /Users/mannan/Desktop/SpringBoot/Java-Kafka/common-models/target/maven-status
[INFO] Deleting file /Users/mannan/Desktop/SpringBoot/Java-Kafka/common-models/target/classes/com/example/kafka/model/OutboxEvent$OutboxEventBuilder.class
[INFO] Deleting file /Users/mannan/Desktop/SpringBoot/Java-Kafka/common-models/target/classes/com/example/kafka/model/Transaction.class
[INFO] Deleting file /Users/mannan/Desktop/SpringBoot/Java-Kafka/common-models/target/classes/com/example/kafka/model/OutboxEvent.class
[INFO] Deleting file /Users/mannan/Desktop/SpringBoot/Java-Kafka/common-models/target/classes/com/example/kafka/model/Transaction$TransactionBuilder.class
[INFO] Deleting directory /Users/mannan/Desktop/SpringBoot/Java-Kafka/common-models/target/classes/com/example/kafka/model
[INFO] Deleting file /Users/mannan/Desktop/SpringBoot/Java-Kafka/common-models/target/classes/com/example/kafka/dto/TransactionEvent$TransactionEventBuilder.class
[INFO] Deleting file /Users/mannan/Desktop/SpringBoot/Java-Kafka/common-models/target/classes/com/example/kafka/dto/FileTrailer$FileTrailerBuilder.class
[INFO] Deleting file /Users/mannan/Desktop/SpringBoot/Java-Kafka/common-models/target/classes/com/example/kafka/dto/FileHeader.class
[INFO] Deleting file /Users/mannan/Desktop/SpringBoot/Java-Kafka/common-models/target/classes/com/example/kafka/dto/FileTrailer.class
[INFO] Deleting file /Users/mannan/Desktop/SpringBoot/Java-Kafka/common-models/target/classes/com/example/kafka/dto/FileHeader$FileHeaderBuilder.class
[INFO] Deleting file /Users/mannan/Desktop/SpringBoot/Java-Kafka/common-models/target/classes/com/example/kafka/dto/TransactionEvent.class
[INFO] Deleting directory /Users/mannan/Desktop/SpringBoot/Java-Kafka/common-models/target/classes/com/example/kafka/dto
[INFO] Deleting directory /Users/mannan/Desktop/SpringBoot/Java-Kafka/common-models/target/classes/com/example/kafka
[INFO] Deleting directory /Users/mannan/Desktop/SpringBoot/Java-Kafka/common-models/target/classes/com/example
[INFO] Deleting directory /Users/mannan/Desktop/SpringBoot/Java-Kafka/common-models/target/classes/com
[INFO] Deleting directory /Users/mannan/Desktop/SpringBoot/Java-Kafka/common-models/target/classes
[INFO] Deleting directory /Users/mannan/Desktop/SpringBoot/Java-Kafka/common-models/target/generated-sources/annotations
[INFO] Deleting directory /Users/mannan/Desktop/SpringBoot/Java-Kafka/common-models/target/generated-sources
[INFO] Deleting directory /Users/mannan/Desktop/SpringBoot/Java-Kafka/common-models/target
[DEBUG] Skipping non-existing directory /Users/mannan/Desktop/SpringBoot/Java-Kafka/common-models/target/classes
[DEBUG] Skipping non-existing directory /Users/mannan/Desktop/SpringBoot/Java-Kafka/common-models/target/test-classes
[DEBUG] Skipping non-existing directory /Users/mannan/Desktop/SpringBoot/Java-Kafka/common-models/target/classes
[INFO] 
[INFO] --- resources:3.3.1:resources (default-resources) @ common-models ---
[DEBUG] Dependency collection stats {ConflictMarker.analyzeTime=824394, ConflictMarker.markTime=229507, ConflictMarker.nodeCount=13, ConflictIdSorter.graphTime=41427, ConflictIdSorter.topsortTime=25082, ConflictIdSorter.conflictIdCount=9, ConflictIdSorter.conflictIdCycleCount=0, ConflictResolver.totalTime=625743, ConflictResolver.conflictItemCount=13, DfDependencyCollector.collectTime=91246273, DfDependencyCollector.transformTime=1776047}
[DEBUG] org.apache.maven.plugins:maven-resources-plugin:jar:3.3.1
[DEBUG]    org.codehaus.plexus:plexus-interpolation:jar:1.26:runtime
[DEBUG]    org.codehaus.plexus:plexus-utils:jar:3.5.1:compile
[DEBUG]    org.apache.maven.shared:maven-filtering:jar:3.3.1:compile
[DEBUG]       javax.inject:javax.inject:jar:1:compile
[DEBUG]       org.slf4j:slf4j-api:jar:1.7.36:compile
[DEBUG]       org.sonatype.plexus:plexus-build-api:jar:0.0.7:compile
[DEBUG]    commons-io:commons-io:jar:2.11.0:compile
[DEBUG]    org.apache.commons:commons-lang3:jar:3.12.0:compile
[DEBUG] Created new class realm plugin>org.apache.maven.plugins:maven-resources-plugin:3.3.1
[DEBUG] Importing foreign packages into class realm plugin>org.apache.maven.plugins:maven-resources-plugin:3.3.1
[DEBUG]   Imported:  < maven.api
[DEBUG] Populating class realm plugin>org.apache.maven.plugins:maven-resources-plugin:3.3.1
[DEBUG]   Included: org.apache.maven.plugins:maven-resources-plugin:jar:3.3.1
[DEBUG]   Included: org.codehaus.plexus:plexus-interpolation:jar:1.26
[DEBUG]   Included: org.codehaus.plexus:plexus-utils:jar:3.5.1
[DEBUG]   Included: org.apache.maven.shared:maven-filtering:jar:3.3.1
[DEBUG]   Included: org.sonatype.plexus:plexus-build-api:jar:0.0.7
[DEBUG]   Included: commons-io:commons-io:jar:2.11.0
[DEBUG]   Included: org.apache.commons:commons-lang3:jar:3.12.0
[DEBUG] Loading mojo org.apache.maven.plugins:maven-resources-plugin:3.3.1:resources from plugin realm ClassRealm[plugin>org.apache.maven.plugins:maven-resources-plugin:3.3.1, parent: jdk.internal.loader.ClassLoaders$AppClassLoader@6d5380c2]
[DEBUG] Configuring mojo execution 'org.apache.maven.plugins:maven-resources-plugin:3.3.1:resources:default-resources' with basic configurator -->
[DEBUG]   (f) addDefaultExcludes = true
[DEBUG]   (f) buildFilters = []
[DEBUG]   (s) delimiters = [@]
[DEBUG]   (f) encoding = UTF-8
[DEBUG]   (f) escapeWindowsPaths = true
[DEBUG]   (f) fileNameFiltering = false
[DEBUG]   (s) includeEmptyDirs = false
[DEBUG]   (s) outputDirectory = /Users/mannan/Desktop/SpringBoot/Java-Kafka/common-models/target/classes
[DEBUG]   (s) overwrite = false
[DEBUG]   (f) project = MavenProject: com.example:common-models:1.0.0 @ /Users/mannan/Desktop/SpringBoot/Java-Kafka/common-models/pom.xml
[DEBUG]   (f) propertiesEncoding = UTF-8
[DEBUG]   (s) resources = [Resource {targetPath: null, filtering: true, FileSet {directory: /Users/mannan/Desktop/SpringBoot/Java-Kafka/common-models/src/main/resources, PatternSet [includes: {**/application*.yml, **/application*.yaml, **/application*.properties}, excludes: {}]}}, Resource {targetPath: null, filtering: false, FileSet {directory: /Users/mannan/Desktop/SpringBoot/Java-Kafka/common-models/src/main/resources, PatternSet [includes: {}, excludes: {**/application*.yml, **/application*.yaml, **/application*.properties}]}}]
[DEBUG]   (f) session = org.apache.maven.execution.MavenSession@54e3658c
[DEBUG]   (f) skip = false
[DEBUG]   (f) supportMultiLineFiltering = false
[DEBUG]   (f) useBuildFilters = true
[DEBUG]   (s) useDefaultDelimiters = false
[DEBUG] -- end configuration --
[DEBUG] properties used:
[DEBUG] activemq.version: 5.18.3
[DEBUG] angus-mail.version: 2.0.3
[DEBUG] apple.awt.application.name: Launcher
[DEBUG] artemis.version: 2.31.2
[DEBUG] aspectj.version: 1.9.21
[DEBUG] assertj.version: 3.24.2
[DEBUG] awaitility.version: 4.2.0
[DEBUG] brave.version: 5.16.0
[DEBUG] build-helper-maven-plugin.version: 3.4.0
[DEBUG] byte-buddy.version: 1.14.12
[DEBUG] cache2k.version: 2.6.1.Final
[DEBUG] caffeine.version: 3.1.8
[DEBUG] cassandra-driver.version: 4.17.0
[DEBUG] classmate.version: 1.6.0
[DEBUG] classworlds.conf: /opt/maven/bin/m2.conf
[DEBUG] commons-codec.version: 1.16.1
[DEBUG] commons-dbcp2.version: 2.10.0
[DEBUG] commons-lang3.version: 3.13.0
[DEBUG] commons-pool.version: 1.6
[DEBUG] commons-pool2.version: 2.12.0
[DEBUG] couchbase-client.version: 3.4.11
[DEBUG] crac.version: 1.4.0
[DEBUG] db2-jdbc.version: 11.5.9.0
[DEBUG] dependency-management-plugin.version: 1.1.4
[DEBUG] derby.version: 10.16.1.1
[DEBUG] dropwizard-metrics.version: 4.2.25
[DEBUG] ehcache3.version: 3.10.8
[DEBUG] elasticsearch-client.version: 8.10.4
[DEBUG] env.HOME: /Users/mannan
[DEBUG] env.HOMEBREW_CELLAR: /usr/local/Cellar
[DEBUG] env.HOMEBREW_PREFIX: /usr/local
[DEBUG] env.HOMEBREW_REPOSITORY: /usr/local/Homebrew
[DEBUG] env.INFOPATH: /usr/local/share/info:
[DEBUG] env.JAVA_HOME: /Library/Java/JavaVirtualMachines/temurin-25.jdk/Contents/Home
[DEBUG] env.LC_CTYPE: UTF-8
[DEBUG] env.LOGNAME: mannan
[DEBUG] env.MAVEN_CMD_LINE_ARGS:  clean install -e -X
[DEBUG] env.MAVEN_PROJECTBASEDIR: /Users/mannan/Desktop/SpringBoot/Java-Kafka
[DEBUG] env.OLDPWD: /Users/mannan/Desktop/SpringBoot/Java-Kafka
[DEBUG] env.PATH: /opt/maven/bin:/opt/maven/bin:/opt/maven/bin:/Users/mannan/.local/bin:/Library/Frameworks/Python.framework/Versions/3.13/bin:/usr/local/bin:/usr/local/sbin:/usr/local/bin:/usr/bin:/bin:/usr/sbin:/sbin:/usr/local/mysql/bin
[DEBUG] env.PWD: /Users/mannan/Desktop/SpringBoot/Java-Kafka
[DEBUG] env.SHELL: /bin/bash
[DEBUG] env.SHLVL: 1
[DEBUG] env.SSH_AUTH_SOCK: /private/tmp/com.apple.launchd.YwRwSLx0g6/Listeners
[DEBUG] env.TERM: xterm-256color
[DEBUG] env.TERM_PROGRAM: Apple_Terminal
[DEBUG] env.TERM_PROGRAM_VERSION: 445.1
[DEBUG] env.TERM_SESSION_ID: 7381CAD5-7645-4F6A-8313-E722B3FBDD77
[DEBUG] env.TMPDIR: /var/folders/83/d9b41c8d2m72xl21y0117mc80000gn/T/
[DEBUG] env.USER: mannan
[DEBUG] env.XPC_FLAGS: 0x0
[DEBUG] env.XPC_SERVICE_NAME: 0
[DEBUG] env.__CFBundleIdentifier: com.apple.Terminal
[DEBUG] env.__CF_USER_TEXT_ENCODING: 0x1F5:0x0:0x0
[DEBUG] file.encoding: UTF-8
[DEBUG] file.separator: /
[DEBUG] flyway.version: 9.22.3
[DEBUG] freemarker.version: 2.3.32
[DEBUG] ftp.nonProxyHosts: local|*.local|169.254/16|*.169.254/16
[DEBUG] git-commit-id-maven-plugin.version: 6.0.0
[DEBUG] glassfish-jaxb.version: 4.0.5
[DEBUG] glassfish-jstl.version: 3.0.1
[DEBUG] graphql-java.version: 21.4
[DEBUG] groovy.version: 4.0.20
[DEBUG] gson.version: 2.10.1
[DEBUG] h2.version: 2.2.224
[DEBUG] hamcrest.version: 2.2
[DEBUG] hazelcast.version: 5.3.6
[DEBUG] hibernate-validator.version: 8.0.1.Final
[DEBUG] hibernate.version: 6.4.4.Final
[DEBUG] hikaricp.version: 5.0.1
[DEBUG] hsqldb.version: 2.7.2
[DEBUG] htmlunit.version: 2.70.0
[DEBUG] http.nonProxyHosts: local|*.local|169.254/16|*.169.254/16
[DEBUG] httpasyncclient.version: 4.1.5
[DEBUG] httpclient5.version: 5.2.3
[DEBUG] httpcore.version: 4.4.16
[DEBUG] httpcore5.version: 5.2.4
[DEBUG] infinispan.version: 14.0.27.Final
[DEBUG] influxdb-java.version: 2.23
[DEBUG] jackson-bom.version: 2.15.4
[DEBUG] jakarta-activation.version: 2.1.3
[DEBUG] jakarta-annotation.version: 2.1.1
[DEBUG] jakarta-jms.version: 3.1.0
[DEBUG] jakarta-json-bind.version: 3.0.0
[DEBUG] jakarta-json.version: 2.1.3
[DEBUG] jakarta-mail.version: 2.1.3
[DEBUG] jakarta-management.version: 1.1.4
[DEBUG] jakarta-persistence.version: 3.1.0
[DEBUG] jakarta-servlet-jsp-jstl.version: 3.0.0
[DEBUG] jakarta-servlet.version: 6.0.0
[DEBUG] jakarta-transaction.version: 2.0.1
[DEBUG] jakarta-validation.version: 3.0.2
[DEBUG] jakarta-websocket.version: 2.1.1
[DEBUG] jakarta-ws-rs.version: 3.1.0
[DEBUG] jakarta-xml-bind.version: 4.0.2
[DEBUG] jakarta-xml-soap.version: 3.0.1
[DEBUG] jakarta-xml-ws.version: 4.0.1
[DEBUG] janino.version: 3.1.12
[DEBUG] java.class.path: /opt/maven/boot/plexus-classworlds-2.7.0.jar
[DEBUG] java.class.version: 69.0
[DEBUG] java.home: /Library/Java/JavaVirtualMachines/temurin-25.jdk/Contents/Home
[DEBUG] java.io.tmpdir: /var/folders/83/d9b41c8d2m72xl21y0117mc80000gn/T/
[DEBUG] java.library.path: /Users/mannan/Library/Java/Extensions:/Library/Java/Extensions:/Network/Library/Java/Extensions:/System/Library/Java/Extensions:/usr/lib/java:.
[DEBUG] java.runtime.name: OpenJDK Runtime Environment
[DEBUG] java.runtime.version: 25.0.2+10-LTS
[DEBUG] java.specification.name: Java Platform API Specification
[DEBUG] java.specification.vendor: Oracle Corporation
[DEBUG] java.specification.version: 25
[DEBUG] java.vendor: Eclipse Adoptium
[DEBUG] java.vendor.url: https://adoptium.net/
[DEBUG] java.vendor.url.bug: https://github.com/adoptium/adoptium-support/issues
[DEBUG] java.vendor.version: Temurin-25.0.2+10
[DEBUG] java.version: 25.0.2
[DEBUG] java.version.date: 2026-01-20
[DEBUG] java.vm.compressedOopsMode: Zero based
[DEBUG] java.vm.info: mixed mode
[DEBUG] java.vm.name: OpenJDK 64-Bit Server VM
[DEBUG] java.vm.specification.name: Java Virtual Machine Specification
[DEBUG] java.vm.specification.vendor: Oracle Corporation
[DEBUG] java.vm.specification.version: 25
[DEBUG] java.vm.vendor: Eclipse Adoptium
[DEBUG] java.vm.version: 25.0.2+10-LTS
[DEBUG] javax-cache.version: 1.1.1
[DEBUG] javax-money.version: 1.1
[DEBUG] jaxen.version: 2.0.0
[DEBUG] jaybird.version: 5.0.4.java11
[DEBUG] jboss-logging.version: 3.5.3.Final
[DEBUG] jdk.debug: release
[DEBUG] jdom2.version: 2.0.6.1
[DEBUG] jedis.version: 5.0.2
[DEBUG] jersey.version: 3.1.5
[DEBUG] jetty-reactive-httpclient.version: 4.0.3
[DEBUG] jetty.version: 12.0.7
[DEBUG] jmustache.version: 1.15
[DEBUG] jooq.version: 3.18.13
[DEBUG] json-path.version: 2.9.0
[DEBUG] json-smart.version: 2.5.0
[DEBUG] jsonassert.version: 1.5.1
[DEBUG] jtds.version: 1.3.1
[DEBUG] junit-jupiter.version: 5.10.2
[DEBUG] junit.version: 4.13.2
[DEBUG] kafka.version: 3.6.1
[DEBUG] kotlin-coroutines.version: 1.7.3
[DEBUG] kotlin-serialization.version: 1.6.3
[DEBUG] kotlin.version: 1.9.23
[DEBUG] lettuce.version: 6.3.2.RELEASE
[DEBUG] library.jansi.path: /opt/maven/lib/jansi-native
[DEBUG] line.separator: 

[DEBUG] liquibase.version: 4.24.0
[DEBUG] log4j2.version: 2.21.1
[DEBUG] logback.version: 1.4.14
[DEBUG] lombok.version: 1.18.30
[DEBUG] mariadb.version: 3.3.3
[DEBUG] maven-antrun-plugin.version: 3.1.0
[DEBUG] maven-assembly-plugin.version: 3.6.0
[DEBUG] maven-clean-plugin.version: 3.3.2
[DEBUG] maven-compiler-plugin.version: 3.11.0
[DEBUG] maven-dependency-plugin.version: 3.6.1
[DEBUG] maven-deploy-plugin.version: 3.1.1
[DEBUG] maven-enforcer-plugin.version: 3.4.1
[DEBUG] maven-failsafe-plugin.version: 3.1.2
[DEBUG] maven-help-plugin.version: 3.4.0
[DEBUG] maven-install-plugin.version: 3.1.1
[DEBUG] maven-invoker-plugin.version: 3.6.0
[DEBUG] maven-jar-plugin.version: 3.3.0
[DEBUG] maven-javadoc-plugin.version: 3.6.3
[DEBUG] maven-resources-plugin.version: 3.3.1
[DEBUG] maven-shade-plugin.version: 3.5.2
[DEBUG] maven-source-plugin.version: 3.3.0
[DEBUG] maven-surefire-plugin.version: 3.1.2
[DEBUG] maven-war-plugin.version: 3.4.0
[DEBUG] maven.build.timestamp: 2026-04-13T22:16:59Z
[DEBUG] maven.build.version: Apache Maven 3.9.6 (bc0240f3c744dd6b6ec2920b3cd08dcc295161ae)
[DEBUG] maven.compiler.release: 17
[DEBUG] maven.compiler.source: 17
[DEBUG] maven.compiler.target: 17
[DEBUG] maven.conf: /opt/maven/conf
[DEBUG] maven.home: /opt/maven
[DEBUG] maven.multiModuleProjectDirectory: /Users/mannan/Desktop/SpringBoot/Java-Kafka
[DEBUG] maven.version: 3.9.6
[DEBUG] micrometer-tracing.version: 1.2.4
[DEBUG] micrometer.version: 1.12.4
[DEBUG] mockito.version: 5.7.0
[DEBUG] mongodb.version: 4.11.1
[DEBUG] mssql-jdbc.version: 12.4.2.jre11
[DEBUG] mysql.version: 8.3.0
[DEBUG] native-build-tools-plugin.version: 0.9.28
[DEBUG] native.encoding: UTF-8
[DEBUG] nekohtml.version: 1.9.22
[DEBUG] neo4j-java-driver.version: 5.18.0
[DEBUG] netty.version: 4.1.107.Final
[DEBUG] okhttp.version: 4.12.0
[DEBUG] opentelemetry.version: 1.31.0
[DEBUG] oracle-database.version: 21.9.0.0
[DEBUG] oracle-r2dbc.version: 1.1.1
[DEBUG] os.arch: x86_64
[DEBUG] os.name: Mac OS X
[DEBUG] os.version: 12.7.6
[DEBUG] path.separator: :
[DEBUG] pooled-jms.version: 3.1.5
[DEBUG] postgresql.version: 42.6.2
[DEBUG] project.baseUri: file:/Users/mannan/Desktop/SpringBoot/Java-Kafka/common-models/
[DEBUG] project.build.sourceEncoding: UTF-8
[DEBUG] project.reporting.outputEncoding: UTF-8
[DEBUG] prometheus-client.version: 0.16.0
[DEBUG] pulsar-reactive.version: 0.5.3
[DEBUG] pulsar.version: 3.1.3
[DEBUG] quartz.version: 2.3.2
[DEBUG] querydsl.version: 5.0.0
[DEBUG] r2dbc-h2.version: 1.0.0.RELEASE
[DEBUG] r2dbc-mariadb.version: 1.1.4
[DEBUG] r2dbc-mssql.version: 1.0.2.RELEASE
[DEBUG] r2dbc-mysql.version: 1.0.6
[DEBUG] r2dbc-pool.version: 1.0.1.RELEASE
[DEBUG] r2dbc-postgresql.version: 1.0.4.RELEASE
[DEBUG] r2dbc-proxy.version: 1.1.4.RELEASE
[DEBUG] r2dbc-spi.version: 1.0.0.RELEASE
[DEBUG] rabbit-amqp-client.version: 5.19.0
[DEBUG] rabbit-stream-client.version: 0.14.0
[DEBUG] reactive-streams.version: 1.0.4
[DEBUG] reactor-bom.version: 2023.0.4
[DEBUG] resource.delimiter: @
[DEBUG] rest-assured.version: 5.3.2
[DEBUG] rsocket.version: 1.1.3
[DEBUG] rxjava3.version: 3.1.8
[DEBUG] saaj-impl.version: 3.0.3
[DEBUG] selenium-htmlunit.version: 4.13.0
[DEBUG] selenium.version: 4.14.1
[DEBUG] sendgrid.version: 4.9.3
[DEBUG] slf4j.version: 2.0.12
[DEBUG] snakeyaml.version: 2.2
[DEBUG] socksNonProxyHosts: local|*.local|169.254/16|*.169.254/16
[DEBUG] spring-amqp.version: 3.1.3
[DEBUG] spring-authorization-server.version: 1.2.3
[DEBUG] spring-batch.version: 5.1.1
[DEBUG] spring-data-bom.version: 2023.1.4
[DEBUG] spring-framework.version: 6.1.5
[DEBUG] spring-graphql.version: 1.2.5
[DEBUG] spring-hateoas.version: 2.2.1
[DEBUG] spring-integration.version: 6.2.3
[DEBUG] spring-kafka.version: 3.1.4
[DEBUG] spring-ldap.version: 3.2.2
[DEBUG] spring-pulsar.version: 1.0.4
[DEBUG] spring-restdocs.version: 3.0.1
[DEBUG] spring-retry.version: 2.0.5
[DEBUG] spring-security.version: 6.2.3
[DEBUG] spring-session.version: 3.2.2
[DEBUG] spring-ws.version: 4.0.10
[DEBUG] sqlite-jdbc.version: 3.43.2.0
[DEBUG] stderr.encoding: UTF-8
[DEBUG] stdin.encoding: UTF-8
[DEBUG] stdout.encoding: UTF-8
[DEBUG] sun.arch.data.model: 64
[DEBUG] sun.boot.library.path: /Library/Java/JavaVirtualMachines/temurin-25.jdk/Contents/Home/lib
[DEBUG] sun.cpu.endian: little
[DEBUG] sun.io.unicode.encoding: UnicodeBig
[DEBUG] sun.java.command: org.codehaus.plexus.classworlds.launcher.Launcher clean install -e -X
[DEBUG] sun.java.launcher: SUN_STANDARD
[DEBUG] sun.jnu.encoding: UTF-8
[DEBUG] sun.management.compiler: HotSpot 64-Bit Tiered Compilers
[DEBUG] testcontainers.version: 1.19.7
[DEBUG] thymeleaf-extras-data-attribute.version: 2.0.1
[DEBUG] thymeleaf-extras-springsecurity.version: 3.1.2.RELEASE
[DEBUG] thymeleaf-layout-dialect.version: 3.3.0
[DEBUG] thymeleaf.version: 3.1.2.RELEASE
[DEBUG] tomcat.version: 10.1.19
[DEBUG] unboundid-ldapsdk.version: 6.0.11
[DEBUG] undertow.version: 2.3.12.Final
[DEBUG] user.country: IN
[DEBUG] user.dir: /Users/mannan/Desktop/SpringBoot/Java-Kafka
[DEBUG] user.home: /Users/mannan
[DEBUG] user.language: en
[DEBUG] user.name: mannan
[DEBUG] versions-maven-plugin.version: 2.16.2
[DEBUG] webjars-locator-core.version: 0.55
[DEBUG] wsdl4j.version: 1.6.3
[DEBUG] xml-maven-plugin.version: 1.1.0
[DEBUG] xmlunit2.version: 2.9.1
[DEBUG] yasson.version: 3.0.3
[DEBUG] Using 'UTF-8' encoding to copy filtered resources.
[DEBUG] Using 'UTF-8' encoding to copy filtered properties files.
[DEBUG] resource with targetPath null
directory /Users/mannan/Desktop/SpringBoot/Java-Kafka/common-models/src/main/resources
excludes []
includes [**/application*.yml, **/application*.yaml, **/application*.properties]
[INFO] skip non existing resourceDirectory /Users/mannan/Desktop/SpringBoot/Java-Kafka/common-models/src/main/resources
[DEBUG] resource with targetPath null
directory /Users/mannan/Desktop/SpringBoot/Java-Kafka/common-models/src/main/resources
excludes [**/application*.yml, **/application*.yaml, **/application*.properties]
includes []
[INFO] skip non existing resourceDirectory /Users/mannan/Desktop/SpringBoot/Java-Kafka/common-models/src/main/resources
[DEBUG] no user filter components
[INFO] 
[INFO] --- compiler:3.11.0:compile (default-compile) @ common-models ---
[DEBUG] Using mirror maven-default-http-blocker (http://0.0.0.0/) for apache.snapshots (http://repository.apache.org/snapshots).
[DEBUG] Dependency collection stats {ConflictMarker.analyzeTime=69980, ConflictMarker.markTime=52249, ConflictMarker.nodeCount=17, ConflictIdSorter.graphTime=27832, ConflictIdSorter.topsortTime=23608, ConflictIdSorter.conflictIdCount=12, ConflictIdSorter.conflictIdCycleCount=0, ConflictResolver.totalTime=618122, ConflictResolver.conflictItemCount=17, DfDependencyCollector.collectTime=148214905, DfDependencyCollector.transformTime=816797}
[DEBUG] org.apache.maven.plugins:maven-compiler-plugin:jar:3.11.0
[DEBUG]    org.apache.maven.shared:maven-shared-utils:jar:3.3.4:compile
[DEBUG]       commons-io:commons-io:jar:2.6:compile
[DEBUG]    org.apache.maven.shared:maven-shared-incremental:jar:1.1:compile
[DEBUG]       org.codehaus.plexus:plexus-component-annotations:jar:1.5.5:compile
[DEBUG]    org.codehaus.plexus:plexus-java:jar:1.1.2:compile
[DEBUG]       org.ow2.asm:asm:jar:9.4:compile
[DEBUG]       com.thoughtworks.qdox:qdox:jar:2.0.3:compile (version managed from default)
[DEBUG]    org.codehaus.plexus:plexus-compiler-api:jar:2.13.0:compile
[DEBUG]       org.codehaus.plexus:plexus-utils:jar:3.5.0:compile (version managed from default)
[DEBUG]    org.codehaus.plexus:plexus-compiler-manager:jar:2.13.0:compile
[DEBUG]    org.codehaus.plexus:plexus-compiler-javac:jar:2.13.0:runtime
[DEBUG] Created new class realm plugin>org.apache.maven.plugins:maven-compiler-plugin:3.11.0
[DEBUG] Importing foreign packages into class realm plugin>org.apache.maven.plugins:maven-compiler-plugin:3.11.0
[DEBUG]   Imported:  < maven.api
[DEBUG] Populating class realm plugin>org.apache.maven.plugins:maven-compiler-plugin:3.11.0
[DEBUG]   Included: org.apache.maven.plugins:maven-compiler-plugin:jar:3.11.0
[DEBUG]   Included: org.apache.maven.shared:maven-shared-utils:jar:3.3.4
[DEBUG]   Included: commons-io:commons-io:jar:2.6
[DEBUG]   Included: org.apache.maven.shared:maven-shared-incremental:jar:1.1
[DEBUG]   Included: org.codehaus.plexus:plexus-component-annotations:jar:1.5.5
[DEBUG]   Included: org.codehaus.plexus:plexus-java:jar:1.1.2
[DEBUG]   Included: org.ow2.asm:asm:jar:9.4
[DEBUG]   Included: com.thoughtworks.qdox:qdox:jar:2.0.3
[DEBUG]   Included: org.codehaus.plexus:plexus-compiler-api:jar:2.13.0
[DEBUG]   Included: org.codehaus.plexus:plexus-utils:jar:3.5.0
[DEBUG]   Included: org.codehaus.plexus:plexus-compiler-manager:jar:2.13.0
[DEBUG]   Included: org.codehaus.plexus:plexus-compiler-javac:jar:2.13.0
[DEBUG] Loading mojo org.apache.maven.plugins:maven-compiler-plugin:3.11.0:compile from plugin realm ClassRealm[plugin>org.apache.maven.plugins:maven-compiler-plugin:3.11.0, parent: jdk.internal.loader.ClassLoaders$AppClassLoader@6d5380c2]
[DEBUG] Configuring mojo execution 'org.apache.maven.plugins:maven-compiler-plugin:3.11.0:compile:default-compile' with basic configurator -->
[DEBUG]   (f) basedir = /Users/mannan/Desktop/SpringBoot/Java-Kafka/common-models
[DEBUG]   (f) buildDirectory = /Users/mannan/Desktop/SpringBoot/Java-Kafka/common-models/target
[DEBUG]   (f) compilePath = [/Users/mannan/Desktop/SpringBoot/Java-Kafka/common-models/target/classes, /Users/mannan/.m2/repository/org/springframework/boot/spring-boot-starter-data-jpa/3.2.4/spring-boot-starter-data-jpa-3.2.4.jar, /Users/mannan/.m2/repository/org/springframework/boot/spring-boot-starter-aop/3.2.4/spring-boot-starter-aop-3.2.4.jar, /Users/mannan/.m2/repository/org/springframework/boot/spring-boot-starter/3.2.4/spring-boot-starter-3.2.4.jar, /Users/mannan/.m2/repository/org/springframework/boot/spring-boot/3.2.4/spring-boot-3.2.4.jar, /Users/mannan/.m2/repository/org/springframework/boot/spring-boot-autoconfigure/3.2.4/spring-boot-autoconfigure-3.2.4.jar, /Users/mannan/.m2/repository/org/springframework/boot/spring-boot-starter-logging/3.2.4/spring-boot-starter-logging-3.2.4.jar, /Users/mannan/.m2/repository/ch/qos/logback/logback-classic/1.4.14/logback-classic-1.4.14.jar, /Users/mannan/.m2/repository/ch/qos/logback/logback-core/1.4.14/logback-core-1.4.14.jar, /Users/mannan/.m2/repository/org/apache/logging/log4j/log4j-to-slf4j/2.21.1/log4j-to-slf4j-2.21.1.jar, /Users/mannan/.m2/repository/org/apache/logging/log4j/log4j-api/2.21.1/log4j-api-2.21.1.jar, /Users/mannan/.m2/repository/org/slf4j/jul-to-slf4j/2.0.12/jul-to-slf4j-2.0.12.jar, /Users/mannan/.m2/repository/org/yaml/snakeyaml/2.2/snakeyaml-2.2.jar, /Users/mannan/.m2/repository/org/springframework/spring-aop/6.1.5/spring-aop-6.1.5.jar, /Users/mannan/.m2/repository/org/aspectj/aspectjweaver/1.9.21/aspectjweaver-1.9.21.jar, /Users/mannan/.m2/repository/org/springframework/boot/spring-boot-starter-jdbc/3.2.4/spring-boot-starter-jdbc-3.2.4.jar, /Users/mannan/.m2/repository/com/zaxxer/HikariCP/5.0.1/HikariCP-5.0.1.jar, /Users/mannan/.m2/repository/org/springframework/spring-jdbc/6.1.5/spring-jdbc-6.1.5.jar, /Users/mannan/.m2/repository/org/hibernate/orm/hibernate-core/6.4.4.Final/hibernate-core-6.4.4.Final.jar, /Users/mannan/.m2/repository/jakarta/persistence/jakarta.persistence-api/3.1.0/jakarta.persistence-api-3.1.0.jar, /Users/mannan/.m2/repository/jakarta/transaction/jakarta.transaction-api/2.0.1/jakarta.transaction-api-2.0.1.jar, /Users/mannan/.m2/repository/org/antlr/antlr4-runtime/4.13.0/antlr4-runtime-4.13.0.jar, /Users/mannan/.m2/repository/org/springframework/data/spring-data-jpa/3.2.4/spring-data-jpa-3.2.4.jar, /Users/mannan/.m2/repository/org/springframework/data/spring-data-commons/3.2.4/spring-data-commons-3.2.4.jar, /Users/mannan/.m2/repository/org/springframework/spring-orm/6.1.5/spring-orm-6.1.5.jar, /Users/mannan/.m2/repository/org/springframework/spring-context/6.1.5/spring-context-6.1.5.jar, /Users/mannan/.m2/repository/org/springframework/spring-expression/6.1.5/spring-expression-6.1.5.jar, /Users/mannan/.m2/repository/io/micrometer/micrometer-observation/1.12.4/micrometer-observation-1.12.4.jar, /Users/mannan/.m2/repository/io/micrometer/micrometer-commons/1.12.4/micrometer-commons-1.12.4.jar, /Users/mannan/.m2/repository/org/springframework/spring-tx/6.1.5/spring-tx-6.1.5.jar, /Users/mannan/.m2/repository/org/springframework/spring-beans/6.1.5/spring-beans-6.1.5.jar, /Users/mannan/.m2/repository/org/springframework/spring-core/6.1.5/spring-core-6.1.5.jar, /Users/mannan/.m2/repository/org/springframework/spring-jcl/6.1.5/spring-jcl-6.1.5.jar, /Users/mannan/.m2/repository/jakarta/annotation/jakarta.annotation-api/2.1.1/jakarta.annotation-api-2.1.1.jar, /Users/mannan/.m2/repository/org/slf4j/slf4j-api/2.0.12/slf4j-api-2.0.12.jar, /Users/mannan/.m2/repository/org/springframework/spring-aspects/6.1.5/spring-aspects-6.1.5.jar, /Users/mannan/.m2/repository/org/projectlombok/lombok/1.18.30/lombok-1.18.30.jar, /Users/mannan/.m2/repository/com/fasterxml/jackson/core/jackson-databind/2.15.4/jackson-databind-2.15.4.jar, /Users/mannan/.m2/repository/com/fasterxml/jackson/core/jackson-annotations/2.15.4/jackson-annotations-2.15.4.jar, /Users/mannan/.m2/repository/com/fasterxml/jackson/core/jackson-core/2.15.4/jackson-core-2.15.4.jar, /Users/mannan/.m2/repository/com/fasterxml/jackson/datatype/jackson-datatype-jsr310/2.15.4/jackson-datatype-jsr310-2.15.4.jar]
[DEBUG]   (f) compileSourceRoots = [/Users/mannan/Desktop/SpringBoot/Java-Kafka/common-models/src/main/java]
[DEBUG]   (f) compilerId = javac
[DEBUG]   (f) createMissingPackageInfoClass = true
[DEBUG]   (f) debug = true
[DEBUG]   (f) debugFileName = javac
[DEBUG]   (f) enablePreview = false
[DEBUG]   (f) encoding = UTF-8
[DEBUG]   (f) failOnError = true
[DEBUG]   (f) failOnWarning = false
[DEBUG]   (f) forceJavacCompilerUse = false
[DEBUG]   (f) fork = false
[DEBUG]   (f) generatedSourcesDirectory = /Users/mannan/Desktop/SpringBoot/Java-Kafka/common-models/target/generated-sources/annotations
[DEBUG]   (f) mojoExecution = org.apache.maven.plugins:maven-compiler-plugin:3.11.0:compile {execution: default-compile}
[DEBUG]   (f) optimize = false
[DEBUG]   (f) outputDirectory = /Users/mannan/Desktop/SpringBoot/Java-Kafka/common-models/target/classes
[DEBUG]   (f) parameters = true
[DEBUG]   (f) project = MavenProject: com.example:common-models:1.0.0 @ /Users/mannan/Desktop/SpringBoot/Java-Kafka/common-models/pom.xml
[DEBUG]   (f) projectArtifact = com.example:common-models:jar:1.0.0
[DEBUG]   (s) release = 17
[DEBUG]   (f) session = org.apache.maven.execution.MavenSession@54e3658c
[DEBUG]   (f) showCompilationChanges = false
[DEBUG]   (f) showDeprecation = false
[DEBUG]   (f) showWarnings = true
[DEBUG]   (f) skipMultiThreadWarning = false
[DEBUG]   (f) source = 17
[DEBUG]   (f) staleMillis = 0
[DEBUG]   (s) target = 17
[DEBUG]   (f) useIncrementalCompilation = true
[DEBUG]   (f) verbose = false
[DEBUG] -- end configuration --
[DEBUG] Using compiler 'javac'.
[DEBUG] Adding /Users/mannan/Desktop/SpringBoot/Java-Kafka/common-models/target/generated-sources/annotations to compile source roots:
  /Users/mannan/Desktop/SpringBoot/Java-Kafka/common-models/src/main/java
[DEBUG] New compile source roots:
  /Users/mannan/Desktop/SpringBoot/Java-Kafka/common-models/src/main/java
  /Users/mannan/Desktop/SpringBoot/Java-Kafka/common-models/target/generated-sources/annotations
[DEBUG] CompilerReuseStrategy: reuseCreated
[DEBUG] useIncrementalCompilation enabled
[DEBUG] Stale source detected: /Users/mannan/Desktop/SpringBoot/Java-Kafka/common-models/src/main/java/com/example/kafka/dto/FileTrailer.java
[DEBUG] Stale source detected: /Users/mannan/Desktop/SpringBoot/Java-Kafka/common-models/src/main/java/com/example/kafka/dto/FileHeader.java
[DEBUG] Stale source detected: /Users/mannan/Desktop/SpringBoot/Java-Kafka/common-models/src/main/java/com/example/kafka/dto/TransactionEvent.java
[DEBUG] Stale source detected: /Users/mannan/Desktop/SpringBoot/Java-Kafka/common-models/src/main/java/com/example/kafka/model/Transaction.java
[DEBUG] Stale source detected: /Users/mannan/Desktop/SpringBoot/Java-Kafka/common-models/src/main/java/com/example/kafka/model/OutboxEvent.java
[INFO] Changes detected - recompiling the module! :source
[DEBUG] Classpath:
[DEBUG]  /Users/mannan/Desktop/SpringBoot/Java-Kafka/common-models/target/classes
[DEBUG]  /Users/mannan/.m2/repository/org/springframework/boot/spring-boot-starter-data-jpa/3.2.4/spring-boot-starter-data-jpa-3.2.4.jar
[DEBUG]  /Users/mannan/.m2/repository/org/springframework/boot/spring-boot-starter-aop/3.2.4/spring-boot-starter-aop-3.2.4.jar
[DEBUG]  /Users/mannan/.m2/repository/org/springframework/boot/spring-boot-starter/3.2.4/spring-boot-starter-3.2.4.jar
[DEBUG]  /Users/mannan/.m2/repository/org/springframework/boot/spring-boot/3.2.4/spring-boot-3.2.4.jar
[DEBUG]  /Users/mannan/.m2/repository/org/springframework/boot/spring-boot-autoconfigure/3.2.4/spring-boot-autoconfigure-3.2.4.jar
[DEBUG]  /Users/mannan/.m2/repository/org/springframework/boot/spring-boot-starter-logging/3.2.4/spring-boot-starter-logging-3.2.4.jar
[DEBUG]  /Users/mannan/.m2/repository/ch/qos/logback/logback-classic/1.4.14/logback-classic-1.4.14.jar
[DEBUG]  /Users/mannan/.m2/repository/ch/qos/logback/logback-core/1.4.14/logback-core-1.4.14.jar
[DEBUG]  /Users/mannan/.m2/repository/org/apache/logging/log4j/log4j-to-slf4j/2.21.1/log4j-to-slf4j-2.21.1.jar
[DEBUG]  /Users/mannan/.m2/repository/org/apache/logging/log4j/log4j-api/2.21.1/log4j-api-2.21.1.jar
[DEBUG]  /Users/mannan/.m2/repository/org/slf4j/jul-to-slf4j/2.0.12/jul-to-slf4j-2.0.12.jar
[DEBUG]  /Users/mannan/.m2/repository/org/yaml/snakeyaml/2.2/snakeyaml-2.2.jar
[DEBUG]  /Users/mannan/.m2/repository/org/springframework/spring-aop/6.1.5/spring-aop-6.1.5.jar
[DEBUG]  /Users/mannan/.m2/repository/org/aspectj/aspectjweaver/1.9.21/aspectjweaver-1.9.21.jar
[DEBUG]  /Users/mannan/.m2/repository/org/springframework/boot/spring-boot-starter-jdbc/3.2.4/spring-boot-starter-jdbc-3.2.4.jar
[DEBUG]  /Users/mannan/.m2/repository/com/zaxxer/HikariCP/5.0.1/HikariCP-5.0.1.jar
[DEBUG]  /Users/mannan/.m2/repository/org/springframework/spring-jdbc/6.1.5/spring-jdbc-6.1.5.jar
[DEBUG]  /Users/mannan/.m2/repository/org/hibernate/orm/hibernate-core/6.4.4.Final/hibernate-core-6.4.4.Final.jar
[DEBUG]  /Users/mannan/.m2/repository/jakarta/persistence/jakarta.persistence-api/3.1.0/jakarta.persistence-api-3.1.0.jar
[DEBUG]  /Users/mannan/.m2/repository/jakarta/transaction/jakarta.transaction-api/2.0.1/jakarta.transaction-api-2.0.1.jar
[DEBUG]  /Users/mannan/.m2/repository/org/antlr/antlr4-runtime/4.13.0/antlr4-runtime-4.13.0.jar
[DEBUG]  /Users/mannan/.m2/repository/org/springframework/data/spring-data-jpa/3.2.4/spring-data-jpa-3.2.4.jar
[DEBUG]  /Users/mannan/.m2/repository/org/springframework/data/spring-data-commons/3.2.4/spring-data-commons-3.2.4.jar
[DEBUG]  /Users/mannan/.m2/repository/org/springframework/spring-orm/6.1.5/spring-orm-6.1.5.jar
[DEBUG]  /Users/mannan/.m2/repository/org/springframework/spring-context/6.1.5/spring-context-6.1.5.jar
[DEBUG]  /Users/mannan/.m2/repository/org/springframework/spring-expression/6.1.5/spring-expression-6.1.5.jar
[DEBUG]  /Users/mannan/.m2/repository/io/micrometer/micrometer-observation/1.12.4/micrometer-observation-1.12.4.jar
[DEBUG]  /Users/mannan/.m2/repository/io/micrometer/micrometer-commons/1.12.4/micrometer-commons-1.12.4.jar
[DEBUG]  /Users/mannan/.m2/repository/org/springframework/spring-tx/6.1.5/spring-tx-6.1.5.jar
[DEBUG]  /Users/mannan/.m2/repository/org/springframework/spring-beans/6.1.5/spring-beans-6.1.5.jar
[DEBUG]  /Users/mannan/.m2/repository/org/springframework/spring-core/6.1.5/spring-core-6.1.5.jar
[DEBUG]  /Users/mannan/.m2/repository/org/springframework/spring-jcl/6.1.5/spring-jcl-6.1.5.jar
[DEBUG]  /Users/mannan/.m2/repository/jakarta/annotation/jakarta.annotation-api/2.1.1/jakarta.annotation-api-2.1.1.jar
[DEBUG]  /Users/mannan/.m2/repository/org/slf4j/slf4j-api/2.0.12/slf4j-api-2.0.12.jar
[DEBUG]  /Users/mannan/.m2/repository/org/springframework/spring-aspects/6.1.5/spring-aspects-6.1.5.jar
[DEBUG]  /Users/mannan/.m2/repository/org/projectlombok/lombok/1.18.30/lombok-1.18.30.jar
[DEBUG]  /Users/mannan/.m2/repository/com/fasterxml/jackson/core/jackson-databind/2.15.4/jackson-databind-2.15.4.jar
[DEBUG]  /Users/mannan/.m2/repository/com/fasterxml/jackson/core/jackson-annotations/2.15.4/jackson-annotations-2.15.4.jar
[DEBUG]  /Users/mannan/.m2/repository/com/fasterxml/jackson/core/jackson-core/2.15.4/jackson-core-2.15.4.jar
[DEBUG]  /Users/mannan/.m2/repository/com/fasterxml/jackson/datatype/jackson-datatype-jsr310/2.15.4/jackson-datatype-jsr310-2.15.4.jar
[DEBUG] Source roots:
[DEBUG]  /Users/mannan/Desktop/SpringBoot/Java-Kafka/common-models/src/main/java
[DEBUG]  /Users/mannan/Desktop/SpringBoot/Java-Kafka/common-models/target/generated-sources/annotations
[DEBUG] Command line options:
[DEBUG] -d /Users/mannan/Desktop/SpringBoot/Java-Kafka/common-models/target/classes -classpath /Users/mannan/Desktop/SpringBoot/Java-Kafka/common-models/target/classes:/Users/mannan/.m2/repository/org/springframework/boot/spring-boot-starter-data-jpa/3.2.4/spring-boot-starter-data-jpa-3.2.4.jar:/Users/mannan/.m2/repository/org/springframework/boot/spring-boot-starter-aop/3.2.4/spring-boot-starter-aop-3.2.4.jar:/Users/mannan/.m2/repository/org/springframework/boot/spring-boot-starter/3.2.4/spring-boot-starter-3.2.4.jar:/Users/mannan/.m2/repository/org/springframework/boot/spring-boot/3.2.4/spring-boot-3.2.4.jar:/Users/mannan/.m2/repository/org/springframework/boot/spring-boot-autoconfigure/3.2.4/spring-boot-autoconfigure-3.2.4.jar:/Users/mannan/.m2/repository/org/springframework/boot/spring-boot-starter-logging/3.2.4/spring-boot-starter-logging-3.2.4.jar:/Users/mannan/.m2/repository/ch/qos/logback/logback-classic/1.4.14/logback-classic-1.4.14.jar:/Users/mannan/.m2/repository/ch/qos/logback/logback-core/1.4.14/logback-core-1.4.14.jar:/Users/mannan/.m2/repository/org/apache/logging/log4j/log4j-to-slf4j/2.21.1/log4j-to-slf4j-2.21.1.jar:/Users/mannan/.m2/repository/org/apache/logging/log4j/log4j-api/2.21.1/log4j-api-2.21.1.jar:/Users/mannan/.m2/repository/org/slf4j/jul-to-slf4j/2.0.12/jul-to-slf4j-2.0.12.jar:/Users/mannan/.m2/repository/org/yaml/snakeyaml/2.2/snakeyaml-2.2.jar:/Users/mannan/.m2/repository/org/springframework/spring-aop/6.1.5/spring-aop-6.1.5.jar:/Users/mannan/.m2/repository/org/aspectj/aspectjweaver/1.9.21/aspectjweaver-1.9.21.jar:/Users/mannan/.m2/repository/org/springframework/boot/spring-boot-starter-jdbc/3.2.4/spring-boot-starter-jdbc-3.2.4.jar:/Users/mannan/.m2/repository/com/zaxxer/HikariCP/5.0.1/HikariCP-5.0.1.jar:/Users/mannan/.m2/repository/org/springframework/spring-jdbc/6.1.5/spring-jdbc-6.1.5.jar:/Users/mannan/.m2/repository/org/hibernate/orm/hibernate-core/6.4.4.Final/hibernate-core-6.4.4.Final.jar:/Users/mannan/.m2/repository/jakarta/persistence/jakarta.persistence-api/3.1.0/jakarta.persistence-api-3.1.0.jar:/Users/mannan/.m2/repository/jakarta/transaction/jakarta.transaction-api/2.0.1/jakarta.transaction-api-2.0.1.jar:/Users/mannan/.m2/repository/org/antlr/antlr4-runtime/4.13.0/antlr4-runtime-4.13.0.jar:/Users/mannan/.m2/repository/org/springframework/data/spring-data-jpa/3.2.4/spring-data-jpa-3.2.4.jar:/Users/mannan/.m2/repository/org/springframework/data/spring-data-commons/3.2.4/spring-data-commons-3.2.4.jar:/Users/mannan/.m2/repository/org/springframework/spring-orm/6.1.5/spring-orm-6.1.5.jar:/Users/mannan/.m2/repository/org/springframework/spring-context/6.1.5/spring-context-6.1.5.jar:/Users/mannan/.m2/repository/org/springframework/spring-expression/6.1.5/spring-expression-6.1.5.jar:/Users/mannan/.m2/repository/io/micrometer/micrometer-observation/1.12.4/micrometer-observation-1.12.4.jar:/Users/mannan/.m2/repository/io/micrometer/micrometer-commons/1.12.4/micrometer-commons-1.12.4.jar:/Users/mannan/.m2/repository/org/springframework/spring-tx/6.1.5/spring-tx-6.1.5.jar:/Users/mannan/.m2/repository/org/springframework/spring-beans/6.1.5/spring-beans-6.1.5.jar:/Users/mannan/.m2/repository/org/springframework/spring-core/6.1.5/spring-core-6.1.5.jar:/Users/mannan/.m2/repository/org/springframework/spring-jcl/6.1.5/spring-jcl-6.1.5.jar:/Users/mannan/.m2/repository/jakarta/annotation/jakarta.annotation-api/2.1.1/jakarta.annotation-api-2.1.1.jar:/Users/mannan/.m2/repository/org/slf4j/slf4j-api/2.0.12/slf4j-api-2.0.12.jar:/Users/mannan/.m2/repository/org/springframework/spring-aspects/6.1.5/spring-aspects-6.1.5.jar:/Users/mannan/.m2/repository/org/projectlombok/lombok/1.18.30/lombok-1.18.30.jar:/Users/mannan/.m2/repository/com/fasterxml/jackson/core/jackson-databind/2.15.4/jackson-databind-2.15.4.jar:/Users/mannan/.m2/repository/com/fasterxml/jackson/core/jackson-annotations/2.15.4/jackson-annotations-2.15.4.jar:/Users/mannan/.m2/repository/com/fasterxml/jackson/core/jackson-core/2.15.4/jackson-core-2.15.4.jar:/Users/mannan/.m2/repository/com/fasterxml/jackson/datatype/jackson-datatype-jsr310/2.15.4/jackson-datatype-jsr310-2.15.4.jar: -sourcepath /Users/mannan/Desktop/SpringBoot/Java-Kafka/common-models/src/main/java:/Users/mannan/Desktop/SpringBoot/Java-Kafka/common-models/target/generated-sources/annotations: -s /Users/mannan/Desktop/SpringBoot/Java-Kafka/common-models/target/generated-sources/annotations -g -parameters --release 17 -encoding UTF-8
[DEBUG] incrementalBuildHelper#beforeRebuildExecution
[INFO] Compiling 5 source files with javac [debug release 17] to target/classes
[DEBUG] incrementalBuildHelper#afterRebuildExecution
[INFO] 
[INFO] --- resources:3.3.1:testResources (default-testResources) @ common-models ---
[DEBUG] Loading mojo org.apache.maven.plugins:maven-resources-plugin:3.3.1:testResources from plugin realm ClassRealm[plugin>org.apache.maven.plugins:maven-resources-plugin:3.3.1, parent: jdk.internal.loader.ClassLoaders$AppClassLoader@6d5380c2]
[DEBUG] Configuring mojo execution 'org.apache.maven.plugins:maven-resources-plugin:3.3.1:testResources:default-testResources' with basic configurator -->
[DEBUG]   (f) addDefaultExcludes = true
[DEBUG]   (f) buildFilters = []
[DEBUG]   (s) delimiters = [@]
[DEBUG]   (f) encoding = UTF-8
[DEBUG]   (f) escapeWindowsPaths = true
[DEBUG]   (f) fileNameFiltering = false
[DEBUG]   (s) includeEmptyDirs = false
[DEBUG]   (s) outputDirectory = /Users/mannan/Desktop/SpringBoot/Java-Kafka/common-models/target/test-classes
[DEBUG]   (s) overwrite = false
[DEBUG]   (f) project = MavenProject: com.example:common-models:1.0.0 @ /Users/mannan/Desktop/SpringBoot/Java-Kafka/common-models/pom.xml
[DEBUG]   (f) propertiesEncoding = UTF-8
[DEBUG]   (s) resources = [Resource {targetPath: null, filtering: false, FileSet {directory: /Users/mannan/Desktop/SpringBoot/Java-Kafka/common-models/src/test/resources, PatternSet [includes: {}, excludes: {}]}}]
[DEBUG]   (f) session = org.apache.maven.execution.MavenSession@54e3658c
[DEBUG]   (f) skip = false
[DEBUG]   (f) supportMultiLineFiltering = false
[DEBUG]   (f) useBuildFilters = true
[DEBUG]   (s) useDefaultDelimiters = false
[DEBUG] -- end configuration --
[DEBUG] properties used:
[DEBUG] activemq.version: 5.18.3
[DEBUG] angus-mail.version: 2.0.3
[DEBUG] apple.awt.application.name: Launcher
[DEBUG] artemis.version: 2.31.2
[DEBUG] aspectj.version: 1.9.21
[DEBUG] assertj.version: 3.24.2
[DEBUG] awaitility.version: 4.2.0
[DEBUG] brave.version: 5.16.0
[DEBUG] build-helper-maven-plugin.version: 3.4.0
[DEBUG] byte-buddy.version: 1.14.12
[DEBUG] cache2k.version: 2.6.1.Final
[DEBUG] caffeine.version: 3.1.8
[DEBUG] cassandra-driver.version: 4.17.0
[DEBUG] classmate.version: 1.6.0
[DEBUG] classworlds.conf: /opt/maven/bin/m2.conf
[DEBUG] commons-codec.version: 1.16.1
[DEBUG] commons-dbcp2.version: 2.10.0
[DEBUG] commons-lang3.version: 3.13.0
[DEBUG] commons-pool.version: 1.6
[DEBUG] commons-pool2.version: 2.12.0
[DEBUG] couchbase-client.version: 3.4.11
[DEBUG] crac.version: 1.4.0
[DEBUG] db2-jdbc.version: 11.5.9.0
[DEBUG] dependency-management-plugin.version: 1.1.4
[DEBUG] derby.version: 10.16.1.1
[DEBUG] dropwizard-metrics.version: 4.2.25
[DEBUG] ehcache3.version: 3.10.8
[DEBUG] elasticsearch-client.version: 8.10.4
[DEBUG] env.HOME: /Users/mannan
[DEBUG] env.HOMEBREW_CELLAR: /usr/local/Cellar
[DEBUG] env.HOMEBREW_PREFIX: /usr/local
[DEBUG] env.HOMEBREW_REPOSITORY: /usr/local/Homebrew
[DEBUG] env.INFOPATH: /usr/local/share/info:
[DEBUG] env.JAVA_HOME: /Library/Java/JavaVirtualMachines/temurin-25.jdk/Contents/Home
[DEBUG] env.LC_CTYPE: UTF-8
[DEBUG] env.LOGNAME: mannan
[DEBUG] env.MAVEN_CMD_LINE_ARGS:  clean install -e -X
[DEBUG] env.MAVEN_PROJECTBASEDIR: /Users/mannan/Desktop/SpringBoot/Java-Kafka
[DEBUG] env.OLDPWD: /Users/mannan/Desktop/SpringBoot/Java-Kafka
[DEBUG] env.PATH: /opt/maven/bin:/opt/maven/bin:/opt/maven/bin:/Users/mannan/.local/bin:/Library/Frameworks/Python.framework/Versions/3.13/bin:/usr/local/bin:/usr/local/sbin:/usr/local/bin:/usr/bin:/bin:/usr/sbin:/sbin:/usr/local/mysql/bin
[DEBUG] env.PWD: /Users/mannan/Desktop/SpringBoot/Java-Kafka
[DEBUG] env.SHELL: /bin/bash
[DEBUG] env.SHLVL: 1
[DEBUG] env.SSH_AUTH_SOCK: /private/tmp/com.apple.launchd.YwRwSLx0g6/Listeners
[DEBUG] env.TERM: xterm-256color
[DEBUG] env.TERM_PROGRAM: Apple_Terminal
[DEBUG] env.TERM_PROGRAM_VERSION: 445.1
[DEBUG] env.TERM_SESSION_ID: 7381CAD5-7645-4F6A-8313-E722B3FBDD77
[DEBUG] env.TMPDIR: /var/folders/83/d9b41c8d2m72xl21y0117mc80000gn/T/
[DEBUG] env.USER: mannan
[DEBUG] env.XPC_FLAGS: 0x0
[DEBUG] env.XPC_SERVICE_NAME: 0
[DEBUG] env.__CFBundleIdentifier: com.apple.Terminal
[DEBUG] env.__CF_USER_TEXT_ENCODING: 0x1F5:0x0:0x0
[DEBUG] file.encoding: UTF-8
[DEBUG] file.separator: /
[DEBUG] flyway.version: 9.22.3
[DEBUG] freemarker.version: 2.3.32
[DEBUG] ftp.nonProxyHosts: local|*.local|169.254/16|*.169.254/16
[DEBUG] git-commit-id-maven-plugin.version: 6.0.0
[DEBUG] glassfish-jaxb.version: 4.0.5
[DEBUG] glassfish-jstl.version: 3.0.1
[DEBUG] graphql-java.version: 21.4
[DEBUG] groovy.version: 4.0.20
[DEBUG] gson.version: 2.10.1
[DEBUG] h2.version: 2.2.224
[DEBUG] hamcrest.version: 2.2
[DEBUG] hazelcast.version: 5.3.6
[DEBUG] hibernate-validator.version: 8.0.1.Final
[DEBUG] hibernate.version: 6.4.4.Final
[DEBUG] hikaricp.version: 5.0.1
[DEBUG] hsqldb.version: 2.7.2
[DEBUG] htmlunit.version: 2.70.0
[DEBUG] http.nonProxyHosts: local|*.local|169.254/16|*.169.254/16
[DEBUG] httpasyncclient.version: 4.1.5
[DEBUG] httpclient5.version: 5.2.3
[DEBUG] httpcore.version: 4.4.16
[DEBUG] httpcore5.version: 5.2.4
[DEBUG] infinispan.version: 14.0.27.Final
[DEBUG] influxdb-java.version: 2.23
[DEBUG] jackson-bom.version: 2.15.4
[DEBUG] jakarta-activation.version: 2.1.3
[DEBUG] jakarta-annotation.version: 2.1.1
[DEBUG] jakarta-jms.version: 3.1.0
[DEBUG] jakarta-json-bind.version: 3.0.0
[DEBUG] jakarta-json.version: 2.1.3
[DEBUG] jakarta-mail.version: 2.1.3
[DEBUG] jakarta-management.version: 1.1.4
[DEBUG] jakarta-persistence.version: 3.1.0
[DEBUG] jakarta-servlet-jsp-jstl.version: 3.0.0
[DEBUG] jakarta-servlet.version: 6.0.0
[DEBUG] jakarta-transaction.version: 2.0.1
[DEBUG] jakarta-validation.version: 3.0.2
[DEBUG] jakarta-websocket.version: 2.1.1
[DEBUG] jakarta-ws-rs.version: 3.1.0
[DEBUG] jakarta-xml-bind.version: 4.0.2
[DEBUG] jakarta-xml-soap.version: 3.0.1
[DEBUG] jakarta-xml-ws.version: 4.0.1
[DEBUG] janino.version: 3.1.12
[DEBUG] java.class.path: /opt/maven/boot/plexus-classworlds-2.7.0.jar
[DEBUG] java.class.version: 69.0
[DEBUG] java.home: /Library/Java/JavaVirtualMachines/temurin-25.jdk/Contents/Home
[DEBUG] java.io.tmpdir: /var/folders/83/d9b41c8d2m72xl21y0117mc80000gn/T/
[DEBUG] java.library.path: /Users/mannan/Library/Java/Extensions:/Library/Java/Extensions:/Network/Library/Java/Extensions:/System/Library/Java/Extensions:/usr/lib/java:.
[DEBUG] java.runtime.name: OpenJDK Runtime Environment
[DEBUG] java.runtime.version: 25.0.2+10-LTS
[DEBUG] java.specification.name: Java Platform API Specification
[DEBUG] java.specification.vendor: Oracle Corporation
[DEBUG] java.specification.version: 25
[DEBUG] java.vendor: Eclipse Adoptium
[DEBUG] java.vendor.url: https://adoptium.net/
[DEBUG] java.vendor.url.bug: https://github.com/adoptium/adoptium-support/issues
[DEBUG] java.vendor.version: Temurin-25.0.2+10
[DEBUG] java.version: 25.0.2
[DEBUG] java.version.date: 2026-01-20
[DEBUG] java.vm.compressedOopsMode: Zero based
[DEBUG] java.vm.info: mixed mode
[DEBUG] java.vm.name: OpenJDK 64-Bit Server VM
[DEBUG] java.vm.specification.name: Java Virtual Machine Specification
[DEBUG] java.vm.specification.vendor: Oracle Corporation
[DEBUG] java.vm.specification.version: 25
[DEBUG] java.vm.vendor: Eclipse Adoptium
[DEBUG] java.vm.version: 25.0.2+10-LTS
[DEBUG] javax-cache.version: 1.1.1
[DEBUG] javax-money.version: 1.1
[DEBUG] jaxen.version: 2.0.0
[DEBUG] jaybird.version: 5.0.4.java11
[DEBUG] jboss-logging.version: 3.5.3.Final
[DEBUG] jdk.debug: release
[DEBUG] jdom2.version: 2.0.6.1
[DEBUG] jedis.version: 5.0.2
[DEBUG] jersey.version: 3.1.5
[DEBUG] jetty-reactive-httpclient.version: 4.0.3
[DEBUG] jetty.version: 12.0.7
[DEBUG] jmustache.version: 1.15
[DEBUG] jooq.version: 3.18.13
[DEBUG] json-path.version: 2.9.0
[DEBUG] json-smart.version: 2.5.0
[DEBUG] jsonassert.version: 1.5.1
[DEBUG] jtds.version: 1.3.1
[DEBUG] junit-jupiter.version: 5.10.2
[DEBUG] junit.version: 4.13.2
[DEBUG] kafka.version: 3.6.1
[DEBUG] kotlin-coroutines.version: 1.7.3
[DEBUG] kotlin-serialization.version: 1.6.3
[DEBUG] kotlin.version: 1.9.23
[DEBUG] lettuce.version: 6.3.2.RELEASE
[DEBUG] library.jansi.path: /opt/maven/lib/jansi-native
[DEBUG] line.separator: 

[DEBUG] liquibase.version: 4.24.0
[DEBUG] log4j2.version: 2.21.1
[DEBUG] logback.version: 1.4.14
[DEBUG] lombok.version: 1.18.30
[DEBUG] mariadb.version: 3.3.3
[DEBUG] maven-antrun-plugin.version: 3.1.0
[DEBUG] maven-assembly-plugin.version: 3.6.0
[DEBUG] maven-clean-plugin.version: 3.3.2
[DEBUG] maven-compiler-plugin.version: 3.11.0
[DEBUG] maven-dependency-plugin.version: 3.6.1
[DEBUG] maven-deploy-plugin.version: 3.1.1
[DEBUG] maven-enforcer-plugin.version: 3.4.1
[DEBUG] maven-failsafe-plugin.version: 3.1.2
[DEBUG] maven-help-plugin.version: 3.4.0
[DEBUG] maven-install-plugin.version: 3.1.1
[DEBUG] maven-invoker-plugin.version: 3.6.0
[DEBUG] maven-jar-plugin.version: 3.3.0
[DEBUG] maven-javadoc-plugin.version: 3.6.3
[DEBUG] maven-resources-plugin.version: 3.3.1
[DEBUG] maven-shade-plugin.version: 3.5.2
[DEBUG] maven-source-plugin.version: 3.3.0
[DEBUG] maven-surefire-plugin.version: 3.1.2
[DEBUG] maven-war-plugin.version: 3.4.0
[DEBUG] maven.build.timestamp: 2026-04-13T22:17:03Z
[DEBUG] maven.build.version: Apache Maven 3.9.6 (bc0240f3c744dd6b6ec2920b3cd08dcc295161ae)
[DEBUG] maven.compiler.release: 17
[DEBUG] maven.compiler.source: 17
[DEBUG] maven.compiler.target: 17
[DEBUG] maven.conf: /opt/maven/conf
[DEBUG] maven.home: /opt/maven
[DEBUG] maven.multiModuleProjectDirectory: /Users/mannan/Desktop/SpringBoot/Java-Kafka
[DEBUG] maven.version: 3.9.6
[DEBUG] micrometer-tracing.version: 1.2.4
[DEBUG] micrometer.version: 1.12.4
[DEBUG] mockito.version: 5.7.0
[DEBUG] mongodb.version: 4.11.1
[DEBUG] mssql-jdbc.version: 12.4.2.jre11
[DEBUG] mysql.version: 8.3.0
[DEBUG] native-build-tools-plugin.version: 0.9.28
[DEBUG] native.encoding: UTF-8
[DEBUG] nekohtml.version: 1.9.22
[DEBUG] neo4j-java-driver.version: 5.18.0
[DEBUG] netty.version: 4.1.107.Final
[DEBUG] okhttp.version: 4.12.0
[DEBUG] opentelemetry.version: 1.31.0
[DEBUG] oracle-database.version: 21.9.0.0
[DEBUG] oracle-r2dbc.version: 1.1.1
[DEBUG] os.arch: x86_64
[DEBUG] os.name: Mac OS X
[DEBUG] os.version: 12.7.6
[DEBUG] path.separator: :
[DEBUG] pooled-jms.version: 3.1.5
[DEBUG] postgresql.version: 42.6.2
[DEBUG] project.baseUri: file:/Users/mannan/Desktop/SpringBoot/Java-Kafka/common-models/
[DEBUG] project.build.sourceEncoding: UTF-8
[DEBUG] project.reporting.outputEncoding: UTF-8
[DEBUG] prometheus-client.version: 0.16.0
[DEBUG] pulsar-reactive.version: 0.5.3
[DEBUG] pulsar.version: 3.1.3
[DEBUG] quartz.version: 2.3.2
[DEBUG] querydsl.version: 5.0.0
[DEBUG] r2dbc-h2.version: 1.0.0.RELEASE
[DEBUG] r2dbc-mariadb.version: 1.1.4
[DEBUG] r2dbc-mssql.version: 1.0.2.RELEASE
[DEBUG] r2dbc-mysql.version: 1.0.6
[DEBUG] r2dbc-pool.version: 1.0.1.RELEASE
[DEBUG] r2dbc-postgresql.version: 1.0.4.RELEASE
[DEBUG] r2dbc-proxy.version: 1.1.4.RELEASE
[DEBUG] r2dbc-spi.version: 1.0.0.RELEASE
[DEBUG] rabbit-amqp-client.version: 5.19.0
[DEBUG] rabbit-stream-client.version: 0.14.0
[DEBUG] reactive-streams.version: 1.0.4
[DEBUG] reactor-bom.version: 2023.0.4
[DEBUG] resource.delimiter: @
[DEBUG] rest-assured.version: 5.3.2
[DEBUG] rsocket.version: 1.1.3
[DEBUG] rxjava3.version: 3.1.8
[DEBUG] saaj-impl.version: 3.0.3
[DEBUG] selenium-htmlunit.version: 4.13.0
[DEBUG] selenium.version: 4.14.1
[DEBUG] sendgrid.version: 4.9.3
[DEBUG] slf4j.version: 2.0.12
[DEBUG] snakeyaml.version: 2.2
[DEBUG] socksNonProxyHosts: local|*.local|169.254/16|*.169.254/16
[DEBUG] spring-amqp.version: 3.1.3
[DEBUG] spring-authorization-server.version: 1.2.3
[DEBUG] spring-batch.version: 5.1.1
[DEBUG] spring-data-bom.version: 2023.1.4
[DEBUG] spring-framework.version: 6.1.5
[DEBUG] spring-graphql.version: 1.2.5
[DEBUG] spring-hateoas.version: 2.2.1
[DEBUG] spring-integration.version: 6.2.3
[DEBUG] spring-kafka.version: 3.1.4
[DEBUG] spring-ldap.version: 3.2.2
[DEBUG] spring-pulsar.version: 1.0.4
[DEBUG] spring-restdocs.version: 3.0.1
[DEBUG] spring-retry.version: 2.0.5
[DEBUG] spring-security.version: 6.2.3
[DEBUG] spring-session.version: 3.2.2
[DEBUG] spring-ws.version: 4.0.10
[DEBUG] sqlite-jdbc.version: 3.43.2.0
[DEBUG] stderr.encoding: UTF-8
[DEBUG] stdin.encoding: UTF-8
[DEBUG] stdout.encoding: UTF-8
[DEBUG] sun.arch.data.model: 64
[DEBUG] sun.boot.library.path: /Library/Java/JavaVirtualMachines/temurin-25.jdk/Contents/Home/lib
[DEBUG] sun.cpu.endian: little
[DEBUG] sun.io.unicode.encoding: UnicodeBig
[DEBUG] sun.java.command: org.codehaus.plexus.classworlds.launcher.Launcher clean install -e -X
[DEBUG] sun.java.launcher: SUN_STANDARD
[DEBUG] sun.jnu.encoding: UTF-8
[DEBUG] sun.management.compiler: HotSpot 64-Bit Tiered Compilers
[DEBUG] testcontainers.version: 1.19.7
[DEBUG] thymeleaf-extras-data-attribute.version: 2.0.1
[DEBUG] thymeleaf-extras-springsecurity.version: 3.1.2.RELEASE
[DEBUG] thymeleaf-layout-dialect.version: 3.3.0
[DEBUG] thymeleaf.version: 3.1.2.RELEASE
[DEBUG] tomcat.version: 10.1.19
[DEBUG] unboundid-ldapsdk.version: 6.0.11
[DEBUG] undertow.version: 2.3.12.Final
[DEBUG] user.country: IN
[DEBUG] user.dir: /Users/mannan/Desktop/SpringBoot/Java-Kafka
[DEBUG] user.home: /Users/mannan
[DEBUG] user.language: en
[DEBUG] user.name: mannan
[DEBUG] versions-maven-plugin.version: 2.16.2
[DEBUG] webjars-locator-core.version: 0.55
[DEBUG] wsdl4j.version: 1.6.3
[DEBUG] xml-maven-plugin.version: 1.1.0
[DEBUG] xmlunit2.version: 2.9.1
[DEBUG] yasson.version: 3.0.3
[DEBUG] Using 'UTF-8' encoding to copy filtered resources.
[DEBUG] Using 'UTF-8' encoding to copy filtered properties files.
[DEBUG] resource with targetPath null
directory /Users/mannan/Desktop/SpringBoot/Java-Kafka/common-models/src/test/resources
excludes []
includes []
[INFO] skip non existing resourceDirectory /Users/mannan/Desktop/SpringBoot/Java-Kafka/common-models/src/test/resources
[DEBUG] no user filter components
[INFO] 
[INFO] --- compiler:3.11.0:testCompile (default-testCompile) @ common-models ---
[DEBUG] Loading mojo org.apache.maven.plugins:maven-compiler-plugin:3.11.0:testCompile from plugin realm ClassRealm[plugin>org.apache.maven.plugins:maven-compiler-plugin:3.11.0, parent: jdk.internal.loader.ClassLoaders$AppClassLoader@6d5380c2]
[DEBUG] Configuring mojo execution 'org.apache.maven.plugins:maven-compiler-plugin:3.11.0:testCompile:default-testCompile' with basic configurator -->
[DEBUG]   (f) basedir = /Users/mannan/Desktop/SpringBoot/Java-Kafka/common-models
[DEBUG]   (f) buildDirectory = /Users/mannan/Desktop/SpringBoot/Java-Kafka/common-models/target
[DEBUG]   (f) compileSourceRoots = [/Users/mannan/Desktop/SpringBoot/Java-Kafka/common-models/src/test/java]
[DEBUG]   (f) compilerId = javac
[DEBUG]   (f) createMissingPackageInfoClass = true
[DEBUG]   (f) debug = true
[DEBUG]   (f) debugFileName = javac-test
[DEBUG]   (f) enablePreview = false
[DEBUG]   (f) encoding = UTF-8
[DEBUG]   (f) failOnError = true
[DEBUG]   (f) failOnWarning = false
[DEBUG]   (f) forceJavacCompilerUse = false
[DEBUG]   (f) fork = false
[DEBUG]   (f) generatedTestSourcesDirectory = /Users/mannan/Desktop/SpringBoot/Java-Kafka/common-models/target/generated-test-sources/test-annotations
[DEBUG]   (f) mojoExecution = org.apache.maven.plugins:maven-compiler-plugin:3.11.0:testCompile {execution: default-testCompile}
[DEBUG]   (f) optimize = false
[DEBUG]   (f) outputDirectory = /Users/mannan/Desktop/SpringBoot/Java-Kafka/common-models/target/test-classes
[DEBUG]   (f) parameters = true
[DEBUG]   (f) project = MavenProject: com.example:common-models:1.0.0 @ /Users/mannan/Desktop/SpringBoot/Java-Kafka/common-models/pom.xml
[DEBUG]   (s) release = 17
[DEBUG]   (f) session = org.apache.maven.execution.MavenSession@54e3658c
[DEBUG]   (f) showCompilationChanges = false
[DEBUG]   (f) showDeprecation = false
[DEBUG]   (f) showWarnings = true
[DEBUG]   (f) skipMultiThreadWarning = false
[DEBUG]   (f) source = 17
[DEBUG]   (f) staleMillis = 0
[DEBUG]   (s) target = 17
[DEBUG]   (f) testPath = [/Users/mannan/Desktop/SpringBoot/Java-Kafka/common-models/target/test-classes, /Users/mannan/Desktop/SpringBoot/Java-Kafka/common-models/target/classes, /Users/mannan/.m2/repository/org/springframework/boot/spring-boot-starter-data-jpa/3.2.4/spring-boot-starter-data-jpa-3.2.4.jar, /Users/mannan/.m2/repository/org/springframework/boot/spring-boot-starter-aop/3.2.4/spring-boot-starter-aop-3.2.4.jar, /Users/mannan/.m2/repository/org/springframework/boot/spring-boot-starter/3.2.4/spring-boot-starter-3.2.4.jar, /Users/mannan/.m2/repository/org/springframework/boot/spring-boot/3.2.4/spring-boot-3.2.4.jar, /Users/mannan/.m2/repository/org/springframework/boot/spring-boot-autoconfigure/3.2.4/spring-boot-autoconfigure-3.2.4.jar, /Users/mannan/.m2/repository/org/springframework/boot/spring-boot-starter-logging/3.2.4/spring-boot-starter-logging-3.2.4.jar, /Users/mannan/.m2/repository/ch/qos/logback/logback-classic/1.4.14/logback-classic-1.4.14.jar, /Users/mannan/.m2/repository/ch/qos/logback/logback-core/1.4.14/logback-core-1.4.14.jar, /Users/mannan/.m2/repository/org/apache/logging/log4j/log4j-to-slf4j/2.21.1/log4j-to-slf4j-2.21.1.jar, /Users/mannan/.m2/repository/org/apache/logging/log4j/log4j-api/2.21.1/log4j-api-2.21.1.jar, /Users/mannan/.m2/repository/org/slf4j/jul-to-slf4j/2.0.12/jul-to-slf4j-2.0.12.jar, /Users/mannan/.m2/repository/org/yaml/snakeyaml/2.2/snakeyaml-2.2.jar, /Users/mannan/.m2/repository/org/springframework/spring-aop/6.1.5/spring-aop-6.1.5.jar, /Users/mannan/.m2/repository/org/aspectj/aspectjweaver/1.9.21/aspectjweaver-1.9.21.jar, /Users/mannan/.m2/repository/org/springframework/boot/spring-boot-starter-jdbc/3.2.4/spring-boot-starter-jdbc-3.2.4.jar, /Users/mannan/.m2/repository/com/zaxxer/HikariCP/5.0.1/HikariCP-5.0.1.jar, /Users/mannan/.m2/repository/org/springframework/spring-jdbc/6.1.5/spring-jdbc-6.1.5.jar, /Users/mannan/.m2/repository/org/hibernate/orm/hibernate-core/6.4.4.Final/hibernate-core-6.4.4.Final.jar, /Users/mannan/.m2/repository/jakarta/persistence/jakarta.persistence-api/3.1.0/jakarta.persistence-api-3.1.0.jar, /Users/mannan/.m2/repository/jakarta/transaction/jakarta.transaction-api/2.0.1/jakarta.transaction-api-2.0.1.jar, /Users/mannan/.m2/repository/org/jboss/logging/jboss-logging/3.5.3.Final/jboss-logging-3.5.3.Final.jar, /Users/mannan/.m2/repository/org/hibernate/common/hibernate-commons-annotations/6.0.6.Final/hibernate-commons-annotations-6.0.6.Final.jar, /Users/mannan/.m2/repository/io/smallrye/jandex/3.1.2/jandex-3.1.2.jar, /Users/mannan/.m2/repository/com/fasterxml/classmate/1.6.0/classmate-1.6.0.jar, /Users/mannan/.m2/repository/net/bytebuddy/byte-buddy/1.14.12/byte-buddy-1.14.12.jar, /Users/mannan/.m2/repository/jakarta/xml/bind/jakarta.xml.bind-api/4.0.2/jakarta.xml.bind-api-4.0.2.jar, /Users/mannan/.m2/repository/jakarta/activation/jakarta.activation-api/2.1.3/jakarta.activation-api-2.1.3.jar, /Users/mannan/.m2/repository/org/glassfish/jaxb/jaxb-runtime/4.0.5/jaxb-runtime-4.0.5.jar, /Users/mannan/.m2/repository/org/glassfish/jaxb/jaxb-core/4.0.5/jaxb-core-4.0.5.jar, /Users/mannan/.m2/repository/org/eclipse/angus/angus-activation/2.0.2/angus-activation-2.0.2.jar, /Users/mannan/.m2/repository/org/glassfish/jaxb/txw2/4.0.5/txw2-4.0.5.jar, /Users/mannan/.m2/repository/com/sun/istack/istack-commons-runtime/4.1.2/istack-commons-runtime-4.1.2.jar, /Users/mannan/.m2/repository/jakarta/inject/jakarta.inject-api/2.0.1/jakarta.inject-api-2.0.1.jar, /Users/mannan/.m2/repository/org/antlr/antlr4-runtime/4.13.0/antlr4-runtime-4.13.0.jar, /Users/mannan/.m2/repository/org/springframework/data/spring-data-jpa/3.2.4/spring-data-jpa-3.2.4.jar, /Users/mannan/.m2/repository/org/springframework/data/spring-data-commons/3.2.4/spring-data-commons-3.2.4.jar, /Users/mannan/.m2/repository/org/springframework/spring-orm/6.1.5/spring-orm-6.1.5.jar, /Users/mannan/.m2/repository/org/springframework/spring-context/6.1.5/spring-context-6.1.5.jar, /Users/mannan/.m2/repository/org/springframework/spring-expression/6.1.5/spring-expression-6.1.5.jar, /Users/mannan/.m2/repository/io/micrometer/micrometer-observation/1.12.4/micrometer-observation-1.12.4.jar, /Users/mannan/.m2/repository/io/micrometer/micrometer-commons/1.12.4/micrometer-commons-1.12.4.jar, /Users/mannan/.m2/repository/org/springframework/spring-tx/6.1.5/spring-tx-6.1.5.jar, /Users/mannan/.m2/repository/org/springframework/spring-beans/6.1.5/spring-beans-6.1.5.jar, /Users/mannan/.m2/repository/org/springframework/spring-core/6.1.5/spring-core-6.1.5.jar, /Users/mannan/.m2/repository/org/springframework/spring-jcl/6.1.5/spring-jcl-6.1.5.jar, /Users/mannan/.m2/repository/jakarta/annotation/jakarta.annotation-api/2.1.1/jakarta.annotation-api-2.1.1.jar, /Users/mannan/.m2/repository/org/slf4j/slf4j-api/2.0.12/slf4j-api-2.0.12.jar, /Users/mannan/.m2/repository/org/springframework/spring-aspects/6.1.5/spring-aspects-6.1.5.jar, /Users/mannan/.m2/repository/org/projectlombok/lombok/1.18.30/lombok-1.18.30.jar, /Users/mannan/.m2/repository/com/fasterxml/jackson/core/jackson-databind/2.15.4/jackson-databind-2.15.4.jar, /Users/mannan/.m2/repository/com/fasterxml/jackson/core/jackson-annotations/2.15.4/jackson-annotations-2.15.4.jar, /Users/mannan/.m2/repository/com/fasterxml/jackson/core/jackson-core/2.15.4/jackson-core-2.15.4.jar, /Users/mannan/.m2/repository/com/fasterxml/jackson/datatype/jackson-datatype-jsr310/2.15.4/jackson-datatype-jsr310-2.15.4.jar]
[DEBUG]   (f) useIncrementalCompilation = true
[DEBUG]   (f) useModulePath = true
[DEBUG]   (f) verbose = false
[DEBUG] -- end configuration --
[DEBUG] Using compiler 'javac'.
[INFO] No sources to compile
[INFO] 
[INFO] --- surefire:3.1.2:test (default-test) @ common-models ---
[DEBUG] Using mirror maven-default-http-blocker (http://0.0.0.0/) for jboss-public-repository-group (http://repository.jboss.org/nexus/content/groups/public).
[DEBUG] Dependency collection stats {ConflictMarker.analyzeTime=373962, ConflictMarker.markTime=164179, ConflictMarker.nodeCount=78, ConflictIdSorter.graphTime=148438, ConflictIdSorter.topsortTime=68724, ConflictIdSorter.conflictIdCount=39, ConflictIdSorter.conflictIdCycleCount=0, ConflictResolver.totalTime=2363309, ConflictResolver.conflictItemCount=76, DfDependencyCollector.collectTime=499353907, DfDependencyCollector.transformTime=3181448}
[DEBUG] org.apache.maven.plugins:maven-surefire-plugin:jar:3.1.2
[DEBUG]    org.apache.maven.surefire:maven-surefire-common:jar:3.1.2:compile
[DEBUG]       org.apache.maven.surefire:surefire-api:jar:3.1.2:compile
[DEBUG]          org.apache.maven.surefire:surefire-logger-api:jar:3.1.2:compile
[DEBUG]       org.apache.maven.surefire:surefire-extensions-api:jar:3.1.2:compile
[DEBUG]       org.apache.maven.surefire:surefire-booter:jar:3.1.2:compile
[DEBUG]          org.apache.maven.surefire:surefire-extensions-spi:jar:3.1.2:compile
[DEBUG]       org.eclipse.aether:aether-util:jar:1.0.0.v20140518:compile
[DEBUG]          org.eclipse.aether:aether-api:jar:1.0.0.v20140518:compile
[DEBUG]       org.apache.maven.shared:maven-common-artifact-filters:jar:3.1.1:compile (version managed from default) (exclusions managed from default)
[DEBUG]          org.apache.maven:maven-artifact:jar:3.2.5:provided (scope managed from default) (version managed from default)
[DEBUG]             org.codehaus.plexus:plexus-utils:jar:3.5.0:provided (version managed from default)
[DEBUG]          org.apache.maven:maven-core:jar:3.2.5:provided (scope managed from default) (version managed from default)
[DEBUG]             org.apache.maven:maven-settings:jar:3.2.5:provided (version managed from default)
[DEBUG]             org.apache.maven:maven-settings-builder:jar:3.2.5:provided
[DEBUG]             org.apache.maven:maven-repository-metadata:jar:3.2.5:provided
[DEBUG]             org.apache.maven:maven-model-builder:jar:3.2.5:provided
[DEBUG]             org.apache.maven:maven-aether-provider:jar:3.2.5:provided
[DEBUG]                org.eclipse.aether:aether-spi:jar:1.0.0.v20140518:provided
[DEBUG]             org.eclipse.aether:aether-impl:jar:1.0.0.v20140518:provided
[DEBUG]             org.eclipse.sisu:org.eclipse.sisu.plexus:jar:0.3.5:provided (version managed from default)
[DEBUG]                javax.annotation:javax.annotation-api:jar:1.2:provided
[DEBUG]                javax.enterprise:cdi-api:jar:1.2:provided
[DEBUG]                org.eclipse.sisu:org.eclipse.sisu.inject:jar:0.3.5:provided (version managed from default)
[DEBUG]             org.sonatype.sisu:sisu-guice:jar:no_aop:3.2.3:provided
[DEBUG]                javax.inject:javax.inject:jar:1:provided
[DEBUG]                aopalliance:aopalliance:jar:1.0:provided
[DEBUG]                com.google.guava:guava:jar:16.0.1:provided
[DEBUG]             org.codehaus.plexus:plexus-interpolation:jar:1.21:provided
[DEBUG]             org.codehaus.plexus:plexus-classworlds:jar:2.5.2:provided
[DEBUG]             org.codehaus.plexus:plexus-component-annotations:jar:1.5.5:provided
[DEBUG]             org.sonatype.plexus:plexus-sec-dispatcher:jar:1.3:provided
[DEBUG]                org.sonatype.plexus:plexus-cipher:jar:1.4:provided
[DEBUG]          org.apache.maven:maven-plugin-api:jar:3.2.5:provided (scope managed from default) (version managed from default)
[DEBUG]          commons-io:commons-io:jar:2.12.0:compile (version managed from default)
[DEBUG]       org.codehaus.plexus:plexus-java:jar:1.1.2:compile (version managed from default)
[DEBUG]          org.ow2.asm:asm:jar:9.4:compile
[DEBUG]          com.thoughtworks.qdox:qdox:jar:2.0.3:compile
[DEBUG]       org.apache.maven.surefire:surefire-shared-utils:jar:3.1.2:compile
[DEBUG] Created new class realm plugin>org.apache.maven.plugins:maven-surefire-plugin:3.1.2
[DEBUG] Importing foreign packages into class realm plugin>org.apache.maven.plugins:maven-surefire-plugin:3.1.2
[DEBUG]   Imported:  < maven.api
[DEBUG] Populating class realm plugin>org.apache.maven.plugins:maven-surefire-plugin:3.1.2
[DEBUG]   Included: org.apache.maven.plugins:maven-surefire-plugin:jar:3.1.2
[DEBUG]   Included: org.apache.maven.surefire:maven-surefire-common:jar:3.1.2
[DEBUG]   Included: org.apache.maven.surefire:surefire-api:jar:3.1.2
[DEBUG]   Included: org.apache.maven.surefire:surefire-logger-api:jar:3.1.2
[DEBUG]   Included: org.apache.maven.surefire:surefire-extensions-api:jar:3.1.2
[DEBUG]   Included: org.apache.maven.surefire:surefire-booter:jar:3.1.2
[DEBUG]   Included: org.apache.maven.surefire:surefire-extensions-spi:jar:3.1.2
[DEBUG]   Included: org.apache.maven.shared:maven-common-artifact-filters:jar:3.1.1
[DEBUG]   Included: commons-io:commons-io:jar:2.12.0
[DEBUG]   Included: org.codehaus.plexus:plexus-java:jar:1.1.2
[DEBUG]   Included: org.ow2.asm:asm:jar:9.4
[DEBUG]   Included: com.thoughtworks.qdox:qdox:jar:2.0.3
[DEBUG]   Included: org.apache.maven.surefire:surefire-shared-utils:jar:3.1.2
[DEBUG] Loading mojo org.apache.maven.plugins:maven-surefire-plugin:3.1.2:test from plugin realm ClassRealm[plugin>org.apache.maven.plugins:maven-surefire-plugin:3.1.2, parent: jdk.internal.loader.ClassLoaders$AppClassLoader@6d5380c2]
[DEBUG] Configuring mojo execution 'org.apache.maven.plugins:maven-surefire-plugin:3.1.2:test:default-test' with basic configurator -->
[DEBUG]   (s) additionalClasspathElements = []
[DEBUG]   (s) basedir = /Users/mannan/Desktop/SpringBoot/Java-Kafka/common-models
[DEBUG]   (s) childDelegation = false
[DEBUG]   (f) classesDirectory = /Users/mannan/Desktop/SpringBoot/Java-Kafka/common-models/target/classes
[DEBUG]   (s) classpathDependencyExcludes = []
[DEBUG]   (s) dependenciesToScan = []
[DEBUG]   (s) disableXmlReport = false
[DEBUG]   (s) enableAssertions = true
[DEBUG]   (s) encoding = UTF-8
[DEBUG]   (s) excludeJUnit5Engines = []
[DEBUG]   (f) excludedEnvironmentVariables = []
[DEBUG]   (s) excludes = []
[DEBUG]   (s) failIfNoSpecifiedTests = true
[DEBUG]   (s) failIfNoTests = false
[DEBUG]   (s) failOnFlakeCount = 0
[DEBUG]   (f) forkCount = 1
[DEBUG]   (s) forkedProcessExitTimeoutInSeconds = 30
[DEBUG]   (s) includeJUnit5Engines = []
[DEBUG]   (s) includes = []
[DEBUG]   (s) junitArtifactName = junit:junit
[DEBUG]   (f) parallelMavenExecution = false
[DEBUG]   (s) parallelOptimized = true
[DEBUG]   (s) perCoreThreadCount = true
[DEBUG]   (s) pluginArtifactMap = {org.apache.maven.plugins:maven-surefire-plugin=org.apache.maven.plugins:maven-surefire-plugin:maven-plugin:3.1.2:, org.apache.maven.surefire:maven-surefire-common=org.apache.maven.surefire:maven-surefire-common:jar:3.1.2:compile, org.apache.maven.surefire:surefire-api=org.apache.maven.surefire:surefire-api:jar:3.1.2:compile, org.apache.maven.surefire:surefire-logger-api=org.apache.maven.surefire:surefire-logger-api:jar:3.1.2:compile, org.apache.maven.surefire:surefire-extensions-api=org.apache.maven.surefire:surefire-extensions-api:jar:3.1.2:compile, org.apache.maven.surefire:surefire-booter=org.apache.maven.surefire:surefire-booter:jar:3.1.2:compile, org.apache.maven.surefire:surefire-extensions-spi=org.apache.maven.surefire:surefire-extensions-spi:jar:3.1.2:compile, org.eclipse.aether:aether-util=org.eclipse.aether:aether-util:jar:1.0.0.v20140518:compile, org.eclipse.aether:aether-api=org.eclipse.aether:aether-api:jar:1.0.0.v20140518:compile, org.apache.maven.shared:maven-common-artifact-filters=org.apache.maven.shared:maven-common-artifact-filters:jar:3.1.1:compile, commons-io:commons-io=commons-io:commons-io:jar:2.12.0:compile, org.codehaus.plexus:plexus-java=org.codehaus.plexus:plexus-java:jar:1.1.2:compile, org.ow2.asm:asm=org.ow2.asm:asm:jar:9.4:compile, com.thoughtworks.qdox:qdox=com.thoughtworks.qdox:qdox:jar:2.0.3:compile, org.apache.maven.surefire:surefire-shared-utils=org.apache.maven.surefire:surefire-shared-utils:jar:3.1.2:compile}
[DEBUG]   (f) pluginDescriptor = Component Descriptor: role: 'org.apache.maven.plugin.Mojo', implementation: 'org.apache.maven.plugins.maven_surefire_plugin.HelpMojo', role hint: 'org.apache.maven.plugins:maven-surefire-plugin:3.1.2:help'
role: 'org.apache.maven.plugin.Mojo', implementation: 'org.apache.maven.plugin.surefire.SurefirePlugin', role hint: 'org.apache.maven.plugins:maven-surefire-plugin:3.1.2:test'
---
[DEBUG]   (s) printSummary = true
[DEBUG]   (s) project = MavenProject: com.example:common-models:1.0.0 @ /Users/mannan/Desktop/SpringBoot/Java-Kafka/common-models/pom.xml
[DEBUG]   (s) projectArtifactMap = {org.springframework.boot:spring-boot-starter-data-jpa=org.springframework.boot:spring-boot-starter-data-jpa:jar:3.2.4:compile, org.springframework.boot:spring-boot-starter-aop=org.springframework.boot:spring-boot-starter-aop:jar:3.2.4:compile, org.springframework.boot:spring-boot-starter=org.springframework.boot:spring-boot-starter:jar:3.2.4:compile, org.springframework.boot:spring-boot=org.springframework.boot:spring-boot:jar:3.2.4:compile, org.springframework.boot:spring-boot-autoconfigure=org.springframework.boot:spring-boot-autoconfigure:jar:3.2.4:compile, org.springframework.boot:spring-boot-starter-logging=org.springframework.boot:spring-boot-starter-logging:jar:3.2.4:compile, ch.qos.logback:logback-classic=ch.qos.logback:logback-classic:jar:1.4.14:compile, ch.qos.logback:logback-core=ch.qos.logback:logback-core:jar:1.4.14:compile, org.apache.logging.log4j:log4j-to-slf4j=org.apache.logging.log4j:log4j-to-slf4j:jar:2.21.1:compile, org.apache.logging.log4j:log4j-api=org.apache.logging.log4j:log4j-api:jar:2.21.1:compile, org.slf4j:jul-to-slf4j=org.slf4j:jul-to-slf4j:jar:2.0.12:compile, org.yaml:snakeyaml=org.yaml:snakeyaml:jar:2.2:compile, org.springframework:spring-aop=org.springframework:spring-aop:jar:6.1.5:compile, org.aspectj:aspectjweaver=org.aspectj:aspectjweaver:jar:1.9.21:compile, org.springframework.boot:spring-boot-starter-jdbc=org.springframework.boot:spring-boot-starter-jdbc:jar:3.2.4:compile, com.zaxxer:HikariCP=com.zaxxer:HikariCP:jar:5.0.1:compile, org.springframework:spring-jdbc=org.springframework:spring-jdbc:jar:6.1.5:compile, org.hibernate.orm:hibernate-core=org.hibernate.orm:hibernate-core:jar:6.4.4.Final:compile, jakarta.persistence:jakarta.persistence-api=jakarta.persistence:jakarta.persistence-api:jar:3.1.0:compile, jakarta.transaction:jakarta.transaction-api=jakarta.transaction:jakarta.transaction-api:jar:2.0.1:compile, org.jboss.logging:jboss-logging=org.jboss.logging:jboss-logging:jar:3.5.3.Final:runtime, org.hibernate.common:hibernate-commons-annotations=org.hibernate.common:hibernate-commons-annotations:jar:6.0.6.Final:runtime, io.smallrye:jandex=io.smallrye:jandex:jar:3.1.2:runtime, com.fasterxml:classmate=com.fasterxml:classmate:jar:1.6.0:runtime, net.bytebuddy:byte-buddy=net.bytebuddy:byte-buddy:jar:1.14.12:runtime, jakarta.xml.bind:jakarta.xml.bind-api=jakarta.xml.bind:jakarta.xml.bind-api:jar:4.0.2:runtime, jakarta.activation:jakarta.activation-api=jakarta.activation:jakarta.activation-api:jar:2.1.3:runtime, org.glassfish.jaxb:jaxb-runtime=org.glassfish.jaxb:jaxb-runtime:jar:4.0.5:runtime, org.glassfish.jaxb:jaxb-core=org.glassfish.jaxb:jaxb-core:jar:4.0.5:runtime, org.eclipse.angus:angus-activation=org.eclipse.angus:angus-activation:jar:2.0.2:runtime, org.glassfish.jaxb:txw2=org.glassfish.jaxb:txw2:jar:4.0.5:runtime, com.sun.istack:istack-commons-runtime=com.sun.istack:istack-commons-runtime:jar:4.1.2:runtime, jakarta.inject:jakarta.inject-api=jakarta.inject:jakarta.inject-api:jar:2.0.1:runtime, org.antlr:antlr4-runtime=org.antlr:antlr4-runtime:jar:4.13.0:compile, org.springframework.data:spring-data-jpa=org.springframework.data:spring-data-jpa:jar:3.2.4:compile, org.springframework.data:spring-data-commons=org.springframework.data:spring-data-commons:jar:3.2.4:compile, org.springframework:spring-orm=org.springframework:spring-orm:jar:6.1.5:compile, org.springframework:spring-context=org.springframework:spring-context:jar:6.1.5:compile, org.springframework:spring-expression=org.springframework:spring-expression:jar:6.1.5:compile, io.micrometer:micrometer-observation=io.micrometer:micrometer-observation:jar:1.12.4:compile, io.micrometer:micrometer-commons=io.micrometer:micrometer-commons:jar:1.12.4:compile, org.springframework:spring-tx=org.springframework:spring-tx:jar:6.1.5:compile, org.springframework:spring-beans=org.springframework:spring-beans:jar:6.1.5:compile, org.springframework:spring-core=org.springframework:spring-core:jar:6.1.5:compile, org.springframework:spring-jcl=org.springframework:spring-jcl:jar:6.1.5:compile, jakarta.annotation:jakarta.annotation-api=jakarta.annotation:jakarta.annotation-api:jar:2.1.1:compile, org.slf4j:slf4j-api=org.slf4j:slf4j-api:jar:2.0.12:compile, org.springframework:spring-aspects=org.springframework:spring-aspects:jar:6.1.5:compile, org.projectlombok:lombok=org.projectlombok:lombok:jar:1.18.30:compile, com.fasterxml.jackson.core:jackson-databind=com.fasterxml.jackson.core:jackson-databind:jar:2.15.4:compile, com.fasterxml.jackson.core:jackson-annotations=com.fasterxml.jackson.core:jackson-annotations:jar:2.15.4:compile, com.fasterxml.jackson.core:jackson-core=com.fasterxml.jackson.core:jackson-core:jar:2.15.4:compile, com.fasterxml.jackson.datatype:jackson-datatype-jsr310=com.fasterxml.jackson.datatype:jackson-datatype-jsr310:jar:2.15.4:compile}
[DEBUG]   (s) projectBuildDirectory = /Users/mannan/Desktop/SpringBoot/Java-Kafka/common-models/target
[DEBUG]   (s) redirectTestOutputToFile = false
[DEBUG]   (s) reportFormat = brief
[DEBUG]   (s) reportsDirectory = /Users/mannan/Desktop/SpringBoot/Java-Kafka/common-models/target/surefire-reports
[DEBUG]   (f) rerunFailingTestsCount = 0
[DEBUG]   (f) reuseForks = true
[DEBUG]   (s) runOrder = filesystem
[DEBUG]   (s) session = org.apache.maven.execution.MavenSession@54e3658c
[DEBUG]   (f) shutdown = exit
[DEBUG]   (s) skip = false
[DEBUG]   (f) skipAfterFailureCount = 0
[DEBUG]   (s) skipTests = false
[DEBUG]   (s) suiteXmlFiles = []
[DEBUG]   (s) tempDir = surefire
[DEBUG]   (s) testClassesDirectory = /Users/mannan/Desktop/SpringBoot/Java-Kafka/common-models/target/test-classes
[DEBUG]   (s) testFailureIgnore = false
[DEBUG]   (s) testNGArtifactName = org.testng:testng
[DEBUG]   (s) testSourceDirectory = /Users/mannan/Desktop/SpringBoot/Java-Kafka/common-models/src/test/java
[DEBUG]   (s) threadCountClasses = 0
[DEBUG]   (s) threadCountMethods = 0
[DEBUG]   (s) threadCountSuites = 0
[DEBUG]   (s) trimStackTrace = false
[DEBUG]   (s) useFile = true
[DEBUG]   (s) useManifestOnlyJar = true
[DEBUG]   (f) useModulePath = true
[DEBUG]   (s) useSystemClassLoader = true
[DEBUG]   (s) useUnlimitedThreads = false
[DEBUG]   (s) workingDirectory = /Users/mannan/Desktop/SpringBoot/Java-Kafka/common-models
[DEBUG] -- end configuration --
[DEBUG] Using JVM: /Library/Java/JavaVirtualMachines/temurin-25.jdk/Contents/Home/bin/java with Java version 25.0
[INFO] No tests to run.
[DEBUG] Resolved included and excluded patterns: **/Test*.java, **/*Test.java, **/*Tests.java, **/*TestCase.java, !**/*$*
[INFO] 
[INFO] --- jar:3.3.0:jar (default-jar) @ common-models ---
[DEBUG] Dependency collection stats {ConflictMarker.analyzeTime=241698, ConflictMarker.markTime=57520, ConflictMarker.nodeCount=22, ConflictIdSorter.graphTime=45300, ConflictIdSorter.topsortTime=29253, ConflictIdSorter.conflictIdCount=13, ConflictIdSorter.conflictIdCycleCount=0, ConflictResolver.totalTime=540550, ConflictResolver.conflictItemCount=22, DfDependencyCollector.collectTime=108631410, DfDependencyCollector.transformTime=954793}
[DEBUG] org.apache.maven.plugins:maven-jar-plugin:jar:3.3.0
[DEBUG]    org.apache.maven.shared:file-management:jar:3.1.0:compile
[DEBUG]       org.slf4j:slf4j-api:jar:1.7.36:compile
[DEBUG]       commons-io:commons-io:jar:2.11.0:compile
[DEBUG]    org.apache.maven:maven-archiver:jar:3.6.0:compile
[DEBUG]       org.codehaus.plexus:plexus-io:jar:3.4.0:compile
[DEBUG]          javax.inject:javax.inject:jar:1:compile
[DEBUG]       org.codehaus.plexus:plexus-archiver:jar:4.4.0:compile
[DEBUG]          org.apache.commons:commons-compress:jar:1.21:compile
[DEBUG]          org.iq80.snappy:snappy:jar:0.4:compile
[DEBUG]          org.tukaani:xz:jar:1.9:runtime
[DEBUG]       org.codehaus.plexus:plexus-interpolation:jar:1.26:compile
[DEBUG]    org.codehaus.plexus:plexus-utils:jar:3.4.2:compile
[DEBUG] Created new class realm plugin>org.apache.maven.plugins:maven-jar-plugin:3.3.0
[DEBUG] Importing foreign packages into class realm plugin>org.apache.maven.plugins:maven-jar-plugin:3.3.0
[DEBUG]   Imported:  < maven.api
[DEBUG] Populating class realm plugin>org.apache.maven.plugins:maven-jar-plugin:3.3.0
[DEBUG]   Included: org.apache.maven.plugins:maven-jar-plugin:jar:3.3.0
[DEBUG]   Included: org.apache.maven.shared:file-management:jar:3.1.0
[DEBUG]   Included: commons-io:commons-io:jar:2.11.0
[DEBUG]   Included: org.apache.maven:maven-archiver:jar:3.6.0
[DEBUG]   Included: org.codehaus.plexus:plexus-io:jar:3.4.0
[DEBUG]   Included: org.codehaus.plexus:plexus-archiver:jar:4.4.0
[DEBUG]   Included: org.apache.commons:commons-compress:jar:1.21
[DEBUG]   Included: org.iq80.snappy:snappy:jar:0.4
[DEBUG]   Included: org.tukaani:xz:jar:1.9
[DEBUG]   Included: org.codehaus.plexus:plexus-interpolation:jar:1.26
[DEBUG]   Included: org.codehaus.plexus:plexus-utils:jar:3.4.2
[DEBUG] Loading mojo org.apache.maven.plugins:maven-jar-plugin:3.3.0:jar from plugin realm ClassRealm[plugin>org.apache.maven.plugins:maven-jar-plugin:3.3.0, parent: jdk.internal.loader.ClassLoaders$AppClassLoader@6d5380c2]
[DEBUG] Configuring mojo execution 'org.apache.maven.plugins:maven-jar-plugin:3.3.0:jar:default-jar' with basic configurator -->
[DEBUG]   (s) addDefaultImplementationEntries = true
[DEBUG]   (s) manifest = org.apache.maven.archiver.ManifestConfiguration@14874a5d
[DEBUG]   (f) archive = org.apache.maven.archiver.MavenArchiveConfiguration@49cb5030
[DEBUG]   (f) classesDirectory = /Users/mannan/Desktop/SpringBoot/Java-Kafka/common-models/target/classes
[DEBUG]   (f) finalName = common-models-1.0.0
[DEBUG]   (f) forceCreation = false
[DEBUG]   (f) outputDirectory = /Users/mannan/Desktop/SpringBoot/Java-Kafka/common-models/target
[DEBUG]   (f) project = MavenProject: com.example:common-models:1.0.0 @ /Users/mannan/Desktop/SpringBoot/Java-Kafka/common-models/pom.xml
[DEBUG]   (f) session = org.apache.maven.execution.MavenSession@54e3658c
[DEBUG]   (f) skipIfEmpty = false
[DEBUG]   (f) useDefaultManifestFile = false
[DEBUG] -- end configuration --
[DEBUG] isUp2date: false (Destination /Users/mannan/Desktop/SpringBoot/Java-Kafka/common-models/target/common-models-1.0.0.jar not found.)
[INFO] Building jar: /Users/mannan/Desktop/SpringBoot/Java-Kafka/common-models/target/common-models-1.0.0.jar
[DEBUG] adding directory META-INF/
[DEBUG] adding entry META-INF/MANIFEST.MF
[DEBUG] adding directory com/
[DEBUG] adding directory com/example/
[DEBUG] adding directory com/example/kafka/
[DEBUG] adding directory com/example/kafka/dto/
[DEBUG] adding directory com/example/kafka/model/
[DEBUG] adding entry com/example/kafka/dto/TransactionEvent.class
[DEBUG] adding entry com/example/kafka/dto/FileTrailer.class
[DEBUG] adding entry com/example/kafka/dto/FileHeader.class
[DEBUG] adding entry com/example/kafka/model/OutboxEvent.class
[DEBUG] adding entry com/example/kafka/model/Transaction.class
[DEBUG] adding directory META-INF/maven/
[DEBUG] adding directory META-INF/maven/com.example/
[DEBUG] adding directory META-INF/maven/com.example/common-models/
[DEBUG] adding entry META-INF/maven/com.example/common-models/pom.xml
[DEBUG] adding entry META-INF/maven/com.example/common-models/pom.properties
[INFO] 
[INFO] --- spring-boot:3.2.4:repackage (repackage) @ common-models ---
[DEBUG] Loading mojo org.springframework.boot:spring-boot-maven-plugin:3.2.4:repackage from plugin realm ClassRealm[plugin>org.springframework.boot:spring-boot-maven-plugin:3.2.4, parent: jdk.internal.loader.ClassLoaders$AppClassLoader@6d5380c2]
[DEBUG] Configuring mojo execution 'org.springframework.boot:spring-boot-maven-plugin:3.2.4:repackage:repackage' with basic configurator -->
[DEBUG]   (f) attach = true
[DEBUG]   (f) excludeDevtools = true
[DEBUG]   (f) excludeDockerCompose = true
[DEBUG]   (f) groupId = org.projectlombok
[DEBUG]   (f) artifactId = lombok
[DEBUG]   (f) excludes = [org.springframework.boot.maven.Exclude@176333ee]
[DEBUG]   (f) executable = false
[DEBUG]   (f) finalName = common-models-1.0.0
[DEBUG]   (f) includeSystemScope = false
[DEBUG]   (f) includes = []
[DEBUG]   (f) outputDirectory = /Users/mannan/Desktop/SpringBoot/Java-Kafka/common-models/target
[DEBUG]   (f) project = MavenProject: com.example:common-models:1.0.0 @ /Users/mannan/Desktop/SpringBoot/Java-Kafka/common-models/pom.xml
[DEBUG]   (f) session = org.apache.maven.execution.MavenSession@54e3658c
[DEBUG]   (f) skip = false
[DEBUG] -- end configuration --
[INFO] ------------------------------------------------------------------------
[INFO] Reactor Summary for Java Kafka Multi-Module Application 1.0.0:
[INFO] 
[INFO] Java Kafka Multi-Module Application ................ SUCCESS [  1.974 s]
[INFO] Common Models ...................................... FAILURE [  8.237 s]
[INFO] File Processor Service ............................. SKIPPED
[INFO] Kafka Publisher Service ............................ SKIPPED
[INFO] Kafka Consumer Service ............................. SKIPPED
[INFO] ------------------------------------------------------------------------
[INFO] BUILD FAILURE
[INFO] ------------------------------------------------------------------------
[INFO] Total time:  11.391 s
[INFO] Finished at: 2026-04-13T17:17:05-05:00
[INFO] ------------------------------------------------------------------------
[ERROR] Failed to execute goal org.springframework.boot:spring-boot-maven-plugin:3.2.4:repackage (repackage) on project common-models: Execution repackage of goal org.springframework.boot:spring-boot-maven-plugin:3.2.4:repackage failed: Unable to find main class -> [Help 1]
org.apache.maven.lifecycle.LifecycleExecutionException: Failed to execute goal org.springframework.boot:spring-boot-maven-plugin:3.2.4:repackage (repackage) on project common-models: Execution repackage of goal org.springframework.boot:spring-boot-maven-plugin:3.2.4:repackage failed: Unable to find main class
    at org.apache.maven.lifecycle.internal.MojoExecutor.doExecute2 (MojoExecutor.java:333)
    at org.apache.maven.lifecycle.internal.MojoExecutor.doExecute (MojoExecutor.java:316)
    at org.apache.maven.lifecycle.internal.MojoExecutor.execute (MojoExecutor.java:212)
    at org.apache.maven.lifecycle.internal.MojoExecutor.execute (MojoExecutor.java:174)
    at org.apache.maven.lifecycle.internal.MojoExecutor.access$000 (MojoExecutor.java:75)
    at org.apache.maven.lifecycle.internal.MojoExecutor$1.run (MojoExecutor.java:162)
    at org.apache.maven.plugin.DefaultMojosExecutionStrategy.execute (DefaultMojosExecutionStrategy.java:39)
    at org.apache.maven.lifecycle.internal.MojoExecutor.execute (MojoExecutor.java:159)
    at org.apache.maven.lifecycle.internal.LifecycleModuleBuilder.buildProject (LifecycleModuleBuilder.java:105)
    at org.apache.maven.lifecycle.internal.LifecycleModuleBuilder.buildProject (LifecycleModuleBuilder.java:73)
    at org.apache.maven.lifecycle.internal.builder.singlethreaded.SingleThreadedBuilder.build (SingleThreadedBuilder.java:53)
    at org.apache.maven.lifecycle.internal.LifecycleStarter.execute (LifecycleStarter.java:118)
    at org.apache.maven.DefaultMaven.doExecute (DefaultMaven.java:261)
    at org.apache.maven.DefaultMaven.doExecute (DefaultMaven.java:173)
    at org.apache.maven.DefaultMaven.execute (DefaultMaven.java:101)
    at org.apache.maven.cli.MavenCli.execute (MavenCli.java:906)
    at org.apache.maven.cli.MavenCli.doMain (MavenCli.java:283)
    at org.apache.maven.cli.MavenCli.main (MavenCli.java:206)
    at jdk.internal.reflect.DirectMethodHandleAccessor.invoke (DirectMethodHandleAccessor.java:104)
    at java.lang.reflect.Method.invoke (Method.java:565)
    at org.codehaus.plexus.classworlds.launcher.Launcher.launchEnhanced (Launcher.java:283)
    at org.codehaus.plexus.classworlds.launcher.Launcher.launch (Launcher.java:226)
    at org.codehaus.plexus.classworlds.launcher.Launcher.mainWithExitCode (Launcher.java:407)
    at org.codehaus.plexus.classworlds.launcher.Launcher.main (Launcher.java:348)
Caused by: org.apache.maven.plugin.PluginExecutionException: Execution repackage of goal org.springframework.boot:spring-boot-maven-plugin:3.2.4:repackage failed: Unable to find main class
    at org.apache.maven.plugin.DefaultBuildPluginManager.executeMojo (DefaultBuildPluginManager.java:133)
    at org.apache.maven.lifecycle.internal.MojoExecutor.doExecute2 (MojoExecutor.java:328)
    at org.apache.maven.lifecycle.internal.MojoExecutor.doExecute (MojoExecutor.java:316)
    at org.apache.maven.lifecycle.internal.MojoExecutor.execute (MojoExecutor.java:212)
    at org.apache.maven.lifecycle.internal.MojoExecutor.execute (MojoExecutor.java:174)
    at org.apache.maven.lifecycle.internal.MojoExecutor.access$000 (MojoExecutor.java:75)
    at org.apache.maven.lifecycle.internal.MojoExecutor$1.run (MojoExecutor.java:162)
    at org.apache.maven.plugin.DefaultMojosExecutionStrategy.execute (DefaultMojosExecutionStrategy.java:39)
    at org.apache.maven.lifecycle.internal.MojoExecutor.execute (MojoExecutor.java:159)
    at org.apache.maven.lifecycle.internal.LifecycleModuleBuilder.buildProject (LifecycleModuleBuilder.java:105)
    at org.apache.maven.lifecycle.internal.LifecycleModuleBuilder.buildProject (LifecycleModuleBuilder.java:73)
    at org.apache.maven.lifecycle.internal.builder.singlethreaded.SingleThreadedBuilder.build (SingleThreadedBuilder.java:53)
    at org.apache.maven.lifecycle.internal.LifecycleStarter.execute (LifecycleStarter.java:118)
    at org.apache.maven.DefaultMaven.doExecute (DefaultMaven.java:261)
    at org.apache.maven.DefaultMaven.doExecute (DefaultMaven.java:173)
    at org.apache.maven.DefaultMaven.execute (DefaultMaven.java:101)
    at org.apache.maven.cli.MavenCli.execute (MavenCli.java:906)
    at org.apache.maven.cli.MavenCli.doMain (MavenCli.java:283)
    at org.apache.maven.cli.MavenCli.main (MavenCli.java:206)
    at jdk.internal.reflect.DirectMethodHandleAccessor.invoke (DirectMethodHandleAccessor.java:104)
    at java.lang.reflect.Method.invoke (Method.java:565)
    at org.codehaus.plexus.classworlds.launcher.Launcher.launchEnhanced (Launcher.java:283)
    at org.codehaus.plexus.classworlds.launcher.Launcher.launch (Launcher.java:226)
    at org.codehaus.plexus.classworlds.launcher.Launcher.mainWithExitCode (Launcher.java:407)
    at org.codehaus.plexus.classworlds.launcher.Launcher.main (Launcher.java:348)
Caused by: java.lang.IllegalStateException: Unable to find main class
    at org.springframework.util.Assert.state (Assert.java:76)
    at org.springframework.boot.loader.tools.Packager.addMainAndStartAttributes (Packager.java:318)
    at org.springframework.boot.loader.tools.Packager.buildManifest (Packager.java:300)
    at org.springframework.boot.loader.tools.Packager.write (Packager.java:211)
    at org.springframework.boot.loader.tools.Packager.write (Packager.java:204)
    at org.springframework.boot.loader.tools.Repackager.repackage (Repackager.java:151)
    at org.springframework.boot.loader.tools.Repackager.repackage (Repackager.java:138)
    at org.springframework.boot.maven.RepackageMojo.repackage (RepackageMojo.java:227)
    at org.springframework.boot.maven.RepackageMojo.execute (RepackageMojo.java:217)
    at org.apache.maven.plugin.DefaultBuildPluginManager.executeMojo (DefaultBuildPluginManager.java:126)
    at org.apache.maven.lifecycle.internal.MojoExecutor.doExecute2 (MojoExecutor.java:328)
    at org.apache.maven.lifecycle.internal.MojoExecutor.doExecute (MojoExecutor.java:316)
    at org.apache.maven.lifecycle.internal.MojoExecutor.execute (MojoExecutor.java:212)
    at org.apache.maven.lifecycle.internal.MojoExecutor.execute (MojoExecutor.java:174)
    at org.apache.maven.lifecycle.internal.MojoExecutor.access$000 (MojoExecutor.java:75)
    at org.apache.maven.lifecycle.internal.MojoExecutor$1.run (MojoExecutor.java:162)
    at org.apache.maven.plugin.DefaultMojosExecutionStrategy.execute (DefaultMojosExecutionStrategy.java:39)
    at org.apache.maven.lifecycle.internal.MojoExecutor.execute (MojoExecutor.java:159)
    at org.apache.maven.lifecycle.internal.LifecycleModuleBuilder.buildProject (LifecycleModuleBuilder.java:105)
    at org.apache.maven.lifecycle.internal.LifecycleModuleBuilder.buildProject (LifecycleModuleBuilder.java:73)
    at org.apache.maven.lifecycle.internal.builder.singlethreaded.SingleThreadedBuilder.build (SingleThreadedBuilder.java:53)
    at org.apache.maven.lifecycle.internal.LifecycleStarter.execute (LifecycleStarter.java:118)
    at org.apache.maven.DefaultMaven.doExecute (DefaultMaven.java:261)
    at org.apache.maven.DefaultMaven.doExecute (DefaultMaven.java:173)
    at org.apache.maven.DefaultMaven.execute (DefaultMaven.java:101)
    at org.apache.maven.cli.MavenCli.execute (MavenCli.java:906)
    at org.apache.maven.cli.MavenCli.doMain (MavenCli.java:283)
    at org.apache.maven.cli.MavenCli.main (MavenCli.java:206)
    at jdk.internal.reflect.DirectMethodHandleAccessor.invoke (DirectMethodHandleAccessor.java:104)
    at java.lang.reflect.Method.invoke (Method.java:565)
    at org.codehaus.plexus.classworlds.launcher.Launcher.launchEnhanced (Launcher.java:283)
    at org.codehaus.plexus.classworlds.launcher.Launcher.launch (Launcher.java:226)
    at org.codehaus.plexus.classworlds.launcher.Launcher.mainWithExitCode (Launcher.java:407)
    at org.codehaus.plexus.classworlds.launcher.Launcher.main (Launcher.java:348)
[ERROR] 
[ERROR] 
[ERROR] For more information about the errors and possible solutions, please read the following articles:
[ERROR] [Help 1] http://cwiki.apache.org/confluence/display/MAVEN/PluginExecutionException
[ERROR] 
[ERROR] After correcting the problems, you can resume the build with the command
[ERROR]   mvn <args> -rf :common-models
[DEBUG] Shutting down adapter factory; available factories [file-lock, rwlock-local, semaphore-local, noop]; available name mappers [discriminating, file-gav, file-hgav, file-static, gav, static]
[DEBUG] Shutting down 'file-lock' factory
[DEBUG] Shutting down 'rwlock-local' factory
[DEBUG] Shutting down 'semaphore-local' factory
[DEBUG] Shutting down 'noop' factory
